Component: ARM Compiler 5.06 update 7 (build 960) Tool: armlink [4d3601]

==============================================================================

Section Cross References

    startup_stm32f407xx.o(STACK) refers (Special) to heapauxi.o(.text) for __use_two_region_memory
    startup_stm32f407xx.o(HEAP) refers (Special) to heapauxi.o(.text) for __use_two_region_memory
    startup_stm32f407xx.o(RESET) refers (Special) to heapauxi.o(.text) for __use_two_region_memory
    startup_stm32f407xx.o(RESET) refers to startup_stm32f407xx.o(STACK) for __initial_sp
    startup_stm32f407xx.o(RESET) refers to startup_stm32f407xx.o(.text) for Reset_Handler
    startup_stm32f407xx.o(RESET) refers to stm32f4xx_it.o(i.NMI_Handler) for NMI_Handler
    startup_stm32f407xx.o(RESET) refers to stm32f4xx_it.o(i.HardFault_Handler) for HardFault_Handler
    startup_stm32f407xx.o(RESET) refers to stm32f4xx_it.o(i.MemManage_Handler) for MemManage_Handler
    startup_stm32f407xx.o(RESET) refers to stm32f4xx_it.o(i.BusFault_Handler) for BusFault_Handler
    startup_stm32f407xx.o(RESET) refers to stm32f4xx_it.o(i.UsageFault_Handler) for UsageFault_Handler
    startup_stm32f407xx.o(RESET) refers to port.o(.emb_text) for SVC_Handler
    startup_stm32f407xx.o(RESET) refers to stm32f4xx_it.o(i.DebugMon_Handler) for DebugMon_Handler
    startup_stm32f407xx.o(RESET) refers to cmsis_os2.o(i.SysTick_Handler) for SysTick_Handler
    startup_stm32f407xx.o(RESET) refers to stm32f4xx_it.o(i.DMA1_Stream5_IRQHandler) for DMA1_Stream5_IRQHandler
    startup_stm32f407xx.o(RESET) refers to stm32f4xx_it.o(i.DMA1_Stream6_IRQHandler) for DMA1_Stream6_IRQHandler
    startup_stm32f407xx.o(RESET) refers to stm32f4xx_it.o(i.TIM1_UP_TIM10_IRQHandler) for TIM1_UP_TIM10_IRQHandler
    startup_stm32f407xx.o(RESET) refers to stm32f4xx_it.o(i.USART2_IRQHandler) for USART2_IRQHandler
    startup_stm32f407xx.o(RESET) refers to stm32f4xx_it.o(i.USART3_IRQHandler) for USART3_IRQHandler
    startup_stm32f407xx.o(.text) refers (Special) to heapauxi.o(.text) for __use_two_region_memory
    startup_stm32f407xx.o(.text) refers to system_stm32f4xx.o(i.SystemInit) for SystemInit
    startup_stm32f407xx.o(.text) refers to __main.o(!!!main) for __main
    startup_stm32f407xx.o(.text) refers to startup_stm32f407xx.o(HEAP) for Heap_Mem
    startup_stm32f407xx.o(.text) refers to startup_stm32f407xx.o(STACK) for Stack_Mem
    main.o(i.HAL_TIM_PeriodElapsedCallback) refers to stm32f4xx_hal.o(i.HAL_IncTick) for HAL_IncTick
    main.o(i.SystemClock_Config) refers to rt_memclr_w.o(.text) for __aeabi_memclr4
    main.o(i.SystemClock_Config) refers to stm32f4xx_hal_rcc.o(i.HAL_RCC_OscConfig) for HAL_RCC_OscConfig
    main.o(i.SystemClock_Config) refers to stm32f4xx_hal_rcc.o(i.HAL_RCC_ClockConfig) for HAL_RCC_ClockConfig
    main.o(i.main) refers to stm32f4xx_hal.o(i.HAL_Init) for HAL_Init
    main.o(i.main) refers to main.o(i.SystemClock_Config) for SystemClock_Config
    main.o(i.main) refers to gpio.o(i.MX_GPIO_Init) for MX_GPIO_Init
    main.o(i.main) refers to dma.o(i.MX_DMA_Init) for MX_DMA_Init
    main.o(i.main) refers to usart.o(i.MX_USART2_UART_Init) for MX_USART2_UART_Init
    main.o(i.main) refers to usart.o(i.MX_USART3_UART_Init) for MX_USART3_UART_Init
    main.o(i.main) refers to modbus_driver.o(i.USART2_Rx485_Init_Privately) for USART2_Rx485_Init_Privately
    main.o(i.main) refers to cmsis_os2.o(i.osKernelInitialize) for osKernelInitialize
    main.o(i.main) refers to freertos.o(i.MX_FREERTOS_Init) for MX_FREERTOS_Init
    main.o(i.main) refers to cmsis_os2.o(i.osKernelStart) for osKernelStart
    gpio.o(i.MX_GPIO_Init) refers to rt_memclr_w.o(.text) for __aeabi_memclr4
    gpio.o(i.MX_GPIO_Init) refers to stm32f4xx_hal_gpio.o(i.HAL_GPIO_WritePin) for HAL_GPIO_WritePin
    gpio.o(i.MX_GPIO_Init) refers to stm32f4xx_hal_gpio.o(i.HAL_GPIO_Init) for HAL_GPIO_Init
    freertos.o(i.MX_FREERTOS_Init) refers to modbus_driver.o(i.ModbusInitPrivately) for ModbusInitPrivately
    freertos.o(i.MX_FREERTOS_Init) refers to cmsis_os2.o(i.osThreadNew) for osThreadNew
    freertos.o(i.MX_FREERTOS_Init) refers to tasks.o(i.xTaskCreate) for xTaskCreate
    freertos.o(i.MX_FREERTOS_Init) refers to freertos.o(.constdata) for .constdata
    freertos.o(i.MX_FREERTOS_Init) refers to freertos.o(i.StartDefaultTask) for StartDefaultTask
    freertos.o(i.MX_FREERTOS_Init) refers to freertos.o(.data) for .data
    freertos.o(i.MX_FREERTOS_Init) refers to modbus_task.o(i.MyModbusTask) for MyModbusTask
    freertos.o(i.StartDefaultTask) refers to cmsis_os2.o(i.osDelay) for osDelay
    freertos.o(.constdata) refers to freertos.o(.conststring) for .conststring
    dma.o(i.MX_DMA_Init) refers to stm32f4xx_hal_cortex.o(i.HAL_NVIC_SetPriority) for HAL_NVIC_SetPriority
    dma.o(i.MX_DMA_Init) refers to stm32f4xx_hal_cortex.o(i.HAL_NVIC_EnableIRQ) for HAL_NVIC_EnableIRQ
    usart.o(i.HAL_UART_MspDeInit) refers to stm32f4xx_hal_gpio.o(i.HAL_GPIO_DeInit) for HAL_GPIO_DeInit
[...]
    __scatterload_rt2                        0x08000191   Thumb Code    44  __scatter.o(!!!scatter)
    __scatterload_rt2_thumb_only             0x08000191   Thumb Code     0  __scatter.o(!!!scatter)
    __scatterload_null                       0x0800019f   Thumb Code     0  __scatter.o(!!!scatter)
    __scatterload_copy                       0x080001c5   Thumb Code    26  __scatter_copy.o(!!handler_copy)
    __scatterload_zeroinit                   0x080001e1   Thumb Code    28  __scatter_zi.o(!!handler_zi)
    _printf_n                                0x080001fd   Thumb Code     0  _printf_n.o(.ARM.Collect$$_printf_percent$$00000001)
    _printf_percent                          0x080001fd   Thumb Code     0  _printf_percent.o(.ARM.Collect$$_printf_percent$$00000000)
    _printf_p                                0x08000203   Thumb Code     0  _printf_p.o(.ARM.Collect$$_printf_percent$$00000002)
    _printf_f                                0x08000209   Thumb Code     0  _printf_f.o(.ARM.Collect$$_printf_percent$$00000003)
    _printf_e                                0x0800020f   Thumb Code     0  _printf_e.o(.ARM.Collect$$_printf_percent$$00000004)
    _printf_g                                0x08000215   Thumb Code     0  _printf_g.o(.ARM.Collect$$_printf_percent$$00000005)
    _printf_a                                0x0800021b   Thumb Code     0  _printf_a.o(.ARM.Collect$$_printf_percent$$00000006)
    _printf_ll                               0x08000221   Thumb Code     0  _printf_ll.o(.ARM.Collect$$_printf_percent$$00000007)
    _printf_i                                0x0800022b   Thumb Code     0  _printf_i.o(.ARM.Collect$$_printf_percent$$00000008)
    _printf_d                                0x08000231   Thumb Code     0  _printf_d.o(.ARM.Collect$$_printf_percent$$00000009)
    _printf_u                                0x08000237   Thumb Code     0  _printf_u.o(.ARM.Collect$$_printf_percent$$0000000A)
    _printf_o                                0x0800023d   Thumb Code     0  _printf_o.o(.ARM.Collect$$_printf_percent$$0000000B)
    _printf_x                                0x08000243   Thumb Code     0  _printf_x.o(.ARM.Collect$$_printf_percent$$0000000C)
    _printf_lli                              0x08000249   Thumb Code     0  _printf_lli.o(.ARM.Collect$$_printf_percent$$0000000D)
    _printf_lld                              0x0800024f   Thumb Code     0  _printf_lld.o(.ARM.Collect$$_printf_percent$$0000000E)
    _printf_llu                              0x08000255   Thumb Code     0  _printf_llu.o(.ARM.Collect$$_printf_percent$$0000000F)
    _printf_llo                              0x0800025b   Thumb Code     0  _printf_llo.o(.ARM.Collect$$_printf_percent$$00000010)
    _printf_llx                              0x08000261   Thumb Code     0  _printf_llx.o(.ARM.Collect$$_printf_percent$$00000011)
    _printf_l                                0x08000267   Thumb Code     0  _printf_l.o(.ARM.Collect$$_printf_percent$$00000012)
    _printf_c                                0x08000271   Thumb Code     0  _printf_c.o(.ARM.Collect$$_printf_percent$$00000013)
    _printf_s                                0x08000277   Thumb Code     0  _printf_s.o(.ARM.Collect$$_printf_percent$$00000014)
    _printf_lc                               0x0800027d   Thumb Code     0  _printf_lc.o(.ARM.Collect$$_printf_percent$$00000015)
    _printf_ls                               0x08000283   Thumb Code     0  _printf_ls.o(.ARM.Collect$$_printf_percent$$00000016)
    _printf_percent_end                      0x08000289   Thumb Code     0  _printf_percent_end.o(.ARM.Collect$$_printf_percent$$00000017)
    __rt_lib_init                            0x0800028d   Thumb Code     0  libinit.o(.ARM.Collect$$libinit$$00000000)
    __rt_lib_init_fp_1                       0x0800028f   Thumb Code     0  libinit2.o(.ARM.Collect$$libinit$$00000001)
    __rt_lib_init_heap_1                     0x08000293   Thumb Code     0  libinit2.o(.ARM.Collect$$libinit$$0000000A)
    __rt_lib_init_lc_common                  0x08000293   Thumb Code     0  libinit2.o(.ARM.Collect$$libinit$$0000000F)
    __rt_lib_init_preinit_1                  0x08000293   Thumb Code     0  libinit2.o(.ARM.Collect$$libinit$$00000004)
    __rt_lib_init_rand_1                     0x08000293   Thumb Code     0  libinit2.o(.ARM.Collect$$libinit$$0000000E)
    __rt_lib_init_user_alloc_1               0x08000293   Thumb Code     0  libinit2.o(.ARM.Collect$$libinit$$0000000C)
    __rt_lib_init_lc_collate_1               0x08000299   Thumb Code     0  libinit2.o(.ARM.Collect$$libinit$$00000011)
    __rt_lib_init_lc_ctype_2                 0x08000299   Thumb Code     0  libinit2.o(.ARM.Collect$$libinit$$00000012)
    __rt_lib_init_lc_ctype_1                 0x080002a5   Thumb Code     0  libinit2.o(.ARM.Collect$$libinit$$00000013)
    __rt_lib_init_lc_monetary_1              0x080002a5   Thumb Code     0  libinit2.o(.ARM.Collect$$libinit$$00000015)
    __rt_lib_init_lc_numeric_2               0x080002a5   Thumb Code     0  libinit2.o(.ARM.Collect$$libinit$$00000016)
    __rt_lib_init_alloca_1                   0x080002af   Thumb Code     0  libinit2.o(.ARM.Collect$$libinit$$0000002E)
    __rt_lib_init_argv_1                     0x080002af   Thumb Code     0  libinit2.o(.ARM.Collect$$libinit$$0000002C)
    __rt_lib_init_atexit_1                   0x080002af   Thumb Code     0  libinit2.o(.ARM.Collect$$libinit$$0000001B)
    __rt_lib_init_clock_1                    0x080002af   Thumb Code     0  libinit2.o(.ARM.Collect$$libinit$$00000021)
    __rt_lib_init_cpp_1                      0x080002af   Thumb Code     0  libinit2.o(.ARM.Collect$$libinit$$00000032)
    __rt_lib_init_exceptions_1               0x080002af   Thumb Code     0  libinit2.o(.ARM.Collect$$libinit$$00000030)
    __rt_lib_init_fp_trap_1                  0x080002af   Thumb Code     0  libinit2.o(.ARM.Collect$$libinit$$0000001F)
    __rt_lib_init_getenv_1                   0x080002af   Thumb Code     0  libinit2.o(.ARM.Collect$$libinit$$00000023)
    __rt_lib_init_lc_numeric_1               0x080002af   Thumb Code     0  libinit2.o(.ARM.Collect$$libinit$$00000017)
    __rt_lib_init_lc_time_1                  0x080002af   Thumb Code     0  libinit2.o(.ARM.Collect$$libinit$$00000019)
    __rt_lib_init_return                     0x080002af   Thumb Code     0  libinit2.o(.ARM.Collect$$libinit$$00000033)
    __rt_lib_init_signal_1                   0x080002af   Thumb Code     0  libinit2.o(.ARM.Collect$$libinit$$0000001D)
    __rt_lib_init_stdio_1                    0x080002af   Thumb Code     0  libinit2.o(.ARM.Collect$$libinit$$00000025)
    __rt_lib_shutdown                        0x080002b1   Thumb Code     0  libshutdown.o(.ARM.Collect$$libshutdown$$00000000)
    __rt_lib_shutdown_cpp_1                  0x080002b3   Thumb Code     0  libshutdown2.o(.ARM.Collect$$libshutdown$$00000004)
    __rt_lib_shutdown_fini_1                 0x080002b3   Thumb Code     0  libshutdown2.o(.ARM.Collect$$libshutdown$$00000002)
    __rt_lib_shutdown_fp_trap_1              0x080002b3   Thumb Code     0  libshutdown2.o(.ARM.Collect$$libshutdown$$00000009)
    __rt_lib_shutdown_heap_1                 0x080002b3   Thumb Code     0  libshutdown2.o(.ARM.Collect$$libshutdown$$00000011)
    __rt_lib_shutdown_return                 0x080002b3   Thumb Code     0  libshutdown2.o(.ARM.Collect$$libshutdown$$00000012)
    __rt_lib_shutdown_signal_1               0x080002b3   Thumb Code     0  libshutdown2.o(.ARM.Collect$$libshutdown$$0000000C)
    __rt_lib_shutdown_stdio_1                0x080002b3   Thumb Code     0  libshutdown2.o(.ARM.Collect$$libshutdown$$00000006)
    __rt_lib_shutdown_user_alloc_1           0x080002b3   Thumb Code     0  libshutdown2.o(.ARM.Collect$$libshutdown$$0000000E)
    __rt_entry                               0x080002b5   Thumb Code     0  __rtentry.o(.ARM.Collect$$rtentry$$00000000)
    __rt_entry_presh_1                       0x080002b5   Thumb Code     0  __rtentry2.o(.ARM.Collect$$rtentry$$00000002)
    __rt_entry_sh                            0x080002b5   Thumb Code     0  __rtentry4.o(.ARM.Collect$$rtentry$$00000004)
    __rt_entry_li                            0x080002bb   Thumb Code     0  __rtentry2.o(.ARM.Collect$$rtentry$$0000000A)
    __rt_entry_postsh_1                      0x080002bb   Thumb Code     0  __rtentry2.o(.ARM.Collect$$rtentry$$00000009)
    __rt_entry_main                          0x080002bf   Thumb Code     0  __rtentry2.o(.ARM.Collect$$rtentry$$0000000D)
    __rt_entry_postli_1                      0x080002bf   Thumb Code     0  __rtentry2.o(.ARM.Collect$$rtentry$$0000000C)
    __rt_exit                                0x080002c7   Thumb Code     0  rtexit.o(.ARM.Collect$$rtexit$$00000000)
    __rt_exit_ls                             0x080002c9   Thumb Code     0  rtexit2.o(.ARM.Collect$$rtexit$$00000003)
    __rt_exit_prels_1                        0x080002c9   Thumb Code     0  rtexit2.o(.ARM.Collect$$rtexit$$00000002)
    __rt_exit_exit                           0x080002cd   Thumb Code     0  rtexit2.o(.ARM.Collect$$rtexit$$00000004)
    SVC_Handler                              0x080002d5   Thumb Code    28  port.o(.emb_text)
    __asm___6_port_c_39a90d8d__prvStartFirstTask 0x080002f5   Thumb Code    36  port.o(.emb_text)
    __asm___6_port_c_39a90d8d__prvEnableVFP  0x0800031d   Thumb Code    16  port.o(.emb_text)
    PendSV_Handler                           0x08000331   Thumb Code    88  port.o(.emb_text)
    vPortGetIPSR                             0x0800038d   Thumb Code     6  port.o(.emb_text)
    Reset_Handler                            0x08000395   Thumb Code     8  startup_stm32f407xx.o(.text)
    ADC_IRQHandler                           0x080003af   Thumb Code     0  startup_stm32f407xx.o(.text)
    CAN1_RX0_IRQHandler                      0x080003af   Thumb Code     0  startup_stm32f407xx.o(.text)
    CAN1_RX1_IRQHandler                      0x080003af   Thumb Code     0  startup_stm32f407xx.o(.text)
    CAN1_SCE_IRQHandler                      0x080003af   Thumb Code     0  startup_stm32f407xx.o(.text)
    CAN1_TX_IRQHandler                       0x080003af   Thumb Code     0  startup_stm32f407xx.o(.text)
    CAN2_RX0_IRQHandler                      0x080003af   Thumb Code     0  startup_stm32f407xx.o(.text)
    CAN2_RX1_IRQHandler                      0x080003af   Thumb Code     0  startup_stm32f407xx.o(.text)
    CAN2_SCE_IRQHandler                      0x080003af   Thumb Code     0  startup_stm32f407xx.o(.text)
    CAN2_TX_IRQHandler                       0x080003af   Thumb Code     0  startup_stm32f407xx.o(.text)
    DCMI_IRQHandler                          0x080003af   Thumb Code     0  startup_stm32f407xx.o(.text)
    DMA1_Stream0_IRQHandler                  0x080003af   Thumb Code     0  startup_stm32f407xx.o(.text)
    DMA1_Stream1_IRQHandler                  0x080003af   Thumb Code     0  startup_stm32f407xx.o(.text)
    DMA1_Stream2_IRQHandler                  0x080003af   Thumb Code     0  startup_stm32f407xx.o(.text)
    DMA1_Stream3_IRQHandler                  0x080003af   Thumb Code     0  startup_stm32f407xx.o(.text)
    DMA1_Stream4_IRQHandler                  0x080003af   Thumb Code     0  startup_stm32f407xx.o(.text)
    DMA1_Stream7_IRQHandler                  0x080003af   Thumb Code     0  startup_stm32f407xx.o(.text)
    DMA2_Stream0_IRQHandler                  0x080003af   Thumb Code     0  startup_stm32f407xx.o(.text)
    DMA2_Stream1_IRQHandler                  0x080003af   Thumb Code     0  startup_stm32f407xx.o(.text)
    DMA2_Stream2_IRQHandler                  0x080003af   Thumb Code     0  startup_stm32f407xx.o(.text)
    DMA2_Stream3_IRQHandler                  0x080003af   Thumb Code     0  startup_stm32f407xx.o(.text)
    DMA2_Stream4_IRQHandler                  0x080003af   Thumb Code     0  startup_stm32f407xx.o(.text)
    DMA2_Stream5_IRQHandler                  0x080003af   Thumb Code     0  startup_stm32f407xx.o(.text)
    DMA2_Stream6_IRQHandler                  0x080003af   Thumb Code     0  startup_stm32f407xx.o(.text)
    DMA2_Stream7_IRQHandler                  0x080003af   Thumb Code     0  startup_stm32f407xx.o(.text)
    ETH_IRQHandler                           0x080003af   Thumb Code     0  startup_stm32f407xx.o(.text)
    ETH_WKUP_IRQHandler                      0x080003af   Thumb Code     0  startup_stm32f407xx.o(.text)
    EXTI0_IRQHandler                         0x080003af   Thumb Code     0  startup_stm32f407xx.o(.text)
    EXTI15_10_IRQHandler                     0x080003af   Thumb Code     0  startup_stm32f407xx.o(.text)
    EXTI1_IRQHandler                         0x080003af   Thumb Code     0  startup_stm32f407xx.o(.text)
    EXTI2_IRQHandler                         0x080003af   Thumb Code     0  startup_stm32f407xx.o(.text)
    EXTI3_IRQHandler                         0x080003af   Thumb Code     0  startup_stm32f407xx.o(.text)
    EXTI4_IRQHandler                         0x080003af   Thumb Code     0  startup_stm32f407xx.o(.text)
    EXTI9_5_IRQHandler                       0x080003af   Thumb Code     0  startup_stm32f407xx.o(.text)
    FLASH_IRQHandler                         0x080003af   Thumb Code     0  startup_stm32f407xx.o(.text)
    FMC_IRQHandler                           0x080003af   Thumb Code     0  startup_stm32f407xx.o(.text)
    FPU_IRQHandler                           0x080003af   Thumb Code     0  startup_stm32f407xx.o(.text)
    HASH_RNG_IRQHandler                      0x080003af   Thumb Code     0  startup_stm32f407xx.o(.text)
    I2C1_ER_IRQHandler                       0x080003af   Thumb Code     0  startup_stm32f407xx.o(.text)
    I2C1_EV_IRQHandler                       0x080003af   Thumb Code     0  startup_stm32f407xx.o(.text)
    I2C2_ER_IRQHandler                       0x080003af   Thumb Code     0  startup_stm32f407xx.o(.text)
    I2C2_EV_IRQHandler                       0x080003af   Thumb Code     0  startup_stm32f407xx.o(.text)
    I2C3_ER_IRQHandler                       0x080003af   Thumb Code     0  startup_stm32f407xx.o(.text)
    I2C3_EV_IRQHandler                       0x080003af   Thumb Code     0  startup_stm32f407xx.o(.text)
    OTG_FS_IRQHandler                        0x080003af   Thumb Code     0  startup_stm32f407xx.o(.text)
    OTG_FS_WKUP_IRQHandler                   0x080003af   Thumb Code     0  startup_stm32f407xx.o(.text)
    OTG_HS_EP1_IN_IRQHandler                 0x080003af   Thumb Code     0  startup_stm32f407xx.o(.text)
    OTG_HS_EP1_OUT_IRQHandler                0x080003af   Thumb Code     0  startup_stm32f407xx.o(.text)
    OTG_HS_IRQHandler                        0x080003af   Thumb Code     0  startup_stm32f407xx.o(.text)
    OTG_HS_WKUP_IRQHandler                   0x080003af   Thumb Code     0  startup_stm32f407xx.o(.text)
    PVD_IRQHandler                           0x080003af   Thumb Code     0  startup_stm32f407xx.o(.text)
    RCC_IRQHandler                           0x080003af   Thumb Code     0  startup_stm32f407xx.o(.text)
    RTC_Alarm_IRQHandler                     0x080003af   Thumb Code     0  startup_stm32f407xx.o(.text)
    RTC_WKUP_IRQHandler                      0x080003af   Thumb Code     0  startup_stm32f407xx.o(.text)
    SDIO_IRQHandler                          0x080003af   Thumb Code     0  startup_stm32f407xx.o(.text)
    SPI1_IRQHandler                          0x080003af   Thumb Code     0  startup_stm32f407xx.o(.text)
    SPI2_IRQHandler                          0x080003af   Thumb Code     0  startup_stm32f407xx.o(.text)
    SPI3_IRQHandler                          0x080003af   Thumb Code     0  startup_stm32f407xx.o(.text)
    TAMP_STAMP_IRQHandler                    0x080003af   Thumb Code     0  startup_stm32f407xx.o(.text)
    TIM1_BRK_TIM9_IRQHandler                 0x080003af   Thumb Code     0  startup_stm32f407xx.o(.text)
    TIM1_CC_IRQHandler                       0x080003af   Thumb Code     0  startup_stm32f407xx.o(.text)
    TIM1_TRG_COM_TIM11_IRQHandler            0x080003af   Thumb Code     0  startup_stm32f407xx.o(.text)
    TIM2_IRQHandler                          0x080003af   Thumb Code     0  startup_stm32f407xx.o(.text)
    TIM3_IRQHandler                          0x080003af   Thumb Code     0  startup_stm32f407xx.o(.text)
    TIM4_IRQHandler                          0x080003af   Thumb Code     0  startup_stm32f407xx.o(.text)
    TIM5_IRQHandler                          0x080003af   Thumb Code     0  startup_stm32f407xx.o(.text)
    TIM6_DAC_IRQHandler                      0x080003af   Thumb Code     0  startup_stm32f407xx.o(.text)
    TIM7_IRQHandler                          0x080003af   Thumb Code     0  startup_stm32f407xx.o(.text)
    TIM8_BRK_TIM12_IRQHandler                0x080003af   Thumb Code     0  startup_stm32f407xx.o(.text)
    TIM8_CC_IRQHandler                       0x080003af   Thumb Code     0  startup_stm32f407xx.o(.text)
    TIM8_TRG_COM_TIM14_IRQHandler            0x080003af   Thumb Code     0  startup_stm32f407xx.o(.text)
    TIM8_UP_TIM13_IRQHandler                 0x080003af   Thumb Code     0  startup_stm32f407xx.o(.text)
    UART4_IRQHandler                         0x080003af   Thumb Code     0  startup_stm32f407xx.o(.text)
    UART5_IRQHandler                         0x080003af   Thumb Code     0  startup_stm32f407xx.o(.text)
    USART1_IRQHandler                        0x080003af   Thumb Code     0  startup_stm32f407xx.o(.text)
    USART6_IRQHandler                        0x080003af   Thumb Code     0  startup_stm32f407xx.o(.text)
    WWDG_IRQHandler                          0x080003af   Thumb Code     0  startup_stm32f407xx.o(.text)
    __user_initial_stackheap                 0x080003b1   Thumb Code     0  startup_stm32f407xx.o(.text)
    __aeabi_uldivmod                         0x080003d5   Thumb Code     0  lludivv7m.o(.text)
    _ll_udiv                                 0x080003d5   Thumb Code   238  lludivv7m.o(.text)
    vsprintf                                 0x080004c5   Thumb Code    32  vsprintf.o(.text)
    strlen                                   0x080004e9   Thumb Code    62  strlen.o(.text)
    __aeabi_memcpy                           0x08000527   Thumb Code     0  rt_memcpy_v6.o(.text)
    __rt_memcpy                              0x08000527   Thumb Code   138  rt_memcpy_v6.o(.text)
    _memcpy_lastbytes                        0x0800058d   Thumb Code     0  rt_memcpy_v6.o(.text)
    __aeabi_memset                           0x080005b1   Thumb Code    16  aeabi_memset.o(.text)
    __aeabi_memclr4                          0x080005c1   Thumb Code     0  rt_memclr_w.o(.text)
    __aeabi_memclr8                          0x080005c1   Thumb Code     0  rt_memclr_w.o(.text)
    __rt_memclr_w                            0x080005c1   Thumb Code    78  rt_memclr_w.o(.text)
    _memset_w                                0x080005c5   Thumb Code     0  rt_memclr_w.o(.text)
    __use_two_region_memory                  0x0800060f   Thumb Code     2  heapauxi.o(.text)
    __rt_heap_escrow$2region                 0x08000611   Thumb Code     2  heapauxi.o(.text)
    __rt_heap_expand$2region                 0x08000613   Thumb Code     2  heapauxi.o(.text)
    _printf_pre_padding                      0x08000615   Thumb Code    44  _printf_pad.o(.text)
    _printf_post_padding                     0x08000641   Thumb Code    34  _printf_pad.o(.text)
    _printf_truncate_signed                  0x08000663   Thumb Code    18  _printf_truncate.o(.text)
    _printf_truncate_unsigned                0x08000675   Thumb Code    18  _printf_truncate.o(.text)
    _printf_str                              0x08000687   Thumb Code    82  _printf_str.o(.text)
    _printf_int_dec                          0x080006d9   Thumb Code   104  _printf_dec.o(.text)
    _printf_charcount                        0x08000751   Thumb Code    40  _printf_charcount.o(.text)
    _printf_char_common                      0x08000783   Thumb Code    32  _printf_char_common.o(.text)
    _sputc                                   0x080007a9   Thumb Code    10  _sputc.o(.text)
    _printf_wctomb                           0x080007b5   Thumb Code   182  _printf_wctomb.o(.text)
    _printf_longlong_dec                     0x08000871   Thumb Code   108  _printf_longlong_dec.o(.text)
    _printf_longlong_oct                     0x080008ed   Thumb Code    66  _printf_oct_int_ll.o(.text)
    _printf_int_oct                          0x0800092f   Thumb Code    24  _printf_oct_int_ll.o(.text)
    _printf_ll_oct                           0x08000947   Thumb Code    12  _printf_oct_int_ll.o(.text)
    _printf_longlong_hex                     0x0800095d   Thumb Code    86  _printf_hex_int_ll_ptr.o(.text)
    _printf_int_hex                          0x080009b3   Thumb Code    28  _printf_hex_int_ll_ptr.o(.text)
    _printf_ll_hex                           0x080009cf   Thumb Code    12  _printf_hex_int_ll_ptr.o(.text)
    _printf_hex_ptr                          0x080009db   Thumb Code    18  _printf_hex_int_ll_ptr.o(.text)
    __printf                                 0x080009f1   Thumb Code   388  __printf_flags_ss_wp.o(.text)
    __aeabi_memcpy4                          0x08000b79   Thumb Code     0  rt_memcpy_w.o(.text)
    __aeabi_memcpy8                          0x08000b79   Thumb Code     0  rt_memcpy_w.o(.text)
    __rt_memcpy_w                            0x08000b79   Thumb Code   100  rt_memcpy_w.o(.text)
    _memcpy_lastbytes_aligned                0x08000bc1   Thumb Code     0  rt_memcpy_w.o(.text)
    __aeabi_memclr                           0x08000bdd   Thumb Code     0  rt_memclr.o(.text)
    __rt_memclr                              0x08000bdd   Thumb Code    68  rt_memclr.o(.text)
    _memset                                  0x08000be1   Thumb Code     0  rt_memclr.o(.text)
    _ll_udiv10                               0x08000c21   Thumb Code   138  lludiv10.o(.text)
    _printf_int_common                       0x08000cab   Thumb Code   178  _printf_intcommon.o(.text)
    __lib_sel_fp_printf                      0x08000d5d   Thumb Code     2  _printf_fp_dec.o(.text)
    _printf_fp_dec_real                      0x08000f0f   Thumb Code   620  _printf_fp_dec.o(.text)
    _printf_fp_hex_real                      0x0800117d   Thumb Code   756  _printf_fp_hex.o(.text)
    _printf_cs_common                        0x08001479   Thumb Code    20  _printf_char.o(.text)
    _printf_char                             0x0800148d   Thumb Code    16  _printf_char.o(.text)
    _printf_string                           0x0800149d   Thumb Code     8  _printf_char.o(.text)
    _printf_lcs_common                       0x080014a5   Thumb Code    20  _printf_wchar.o(.text)
    _printf_wchar                            0x080014b9   Thumb Code    16  _printf_wchar.o(.text)
    _printf_wstring                          0x080014c9   Thumb Code     8  _printf_wchar.o(.text)
    _wcrtomb                                 0x080014d1   Thumb Code    64  _wcrtomb.o(.text)
    __user_setup_stackheap                   0x08001511   Thumb Code    74  sys_stackheap_outer.o(.text)
    __rt_ctype_table                         0x0800155d   Thumb Code    16  rt_ctype_table.o(.text)
    __rt_locale                              0x0800156d   Thumb Code     8  rt_locale_intlibspace.o(.text)
    _printf_fp_infnan                        0x08001575   Thumb Code   112  _printf_fp_infnan.o(.text)
    _btod_etento                             0x080015f5   Thumb Code   224  bigflt0.o(.text)
    exit                                     0x080016d9   Thumb Code    18  exit.o(.text)
    __user_libspace                          0x080016ed   Thumb Code     8  libspace.o(.text)
    __user_perproc_libspace                  0x080016ed   Thumb Code     0  libspace.o(.text)
    __user_perthread_libspace                0x080016ed   Thumb Code     0  libspace.o(.text)
    strcmp                                   0x080016f5   Thumb Code   128  strcmpv7m.o(.text)
    _sys_exit                                0x08001775   Thumb Code     8  sys_exit.o(.text)
    __I$use$semihosting                      0x08001781   Thumb Code     0  use_no_semi.o(.text)
    __use_no_semihosting_swi                 0x08001781   Thumb Code     2  use_no_semi.o(.text)
    __semihosting_library_function           0x08001783   Thumb Code     0  indicate_semi.o(.text)
    _btod_d2e                                0x08001783   Thumb Code    62  btod.o(CL$$btod_d2e)
    _d2e_denorm_low                          0x080017c1   Thumb Code    70  btod.o(CL$$btod_d2e_denorm_low)
    _d2e_norm_op1                            0x08001807   Thumb Code    96  btod.o(CL$$btod_d2e_norm_op1)
    __btod_div_common                        0x08001867   Thumb Code   696  btod.o(CL$$btod_div_common)
    _e2e                                     0x08001b9f   Thumb Code   220  btod.o(CL$$btod_e2e)
    _btod_ediv                               0x08001c7b   Thumb Code    42  btod.o(CL$$btod_ediv)
    _btod_emul                               0x08001ca5   Thumb Code    42  btod.o(CL$$btod_emul)
    __btod_mult_common                       0x08001ccf   Thumb Code   580  btod.o(CL$$btod_mult_common)
    BusFault_Handler                         0x08001f13   Thumb Code     2  stm32f4xx_it.o(i.BusFault_Handler)
    DMA1_Stream5_IRQHandler                  0x08001f15   Thumb Code     6  stm32f4xx_it.o(i.DMA1_Stream5_IRQHandler)
    DMA1_Stream6_IRQHandler                  0x08001f21   Thumb Code     6  stm32f4xx_it.o(i.DMA1_Stream6_IRQHandler)
    DebugMon_Handler                         0x08001fd1   Thumb Code     2  stm32f4xx_it.o(i.DebugMon_Handler)
    Error_Handler                            0x08001fd3   Thumb Code     4  main.o(i.Error_Handler)
    HAL_DMA_Abort                            0x08001fd7   Thumb Code   146  stm32f4xx_hal_dma.o(i.HAL_DMA_Abort)
    HAL_DMA_Abort_IT                         0x08002069   Thumb Code    36  stm32f4xx_hal_dma.o(i.HAL_DMA_Abort_IT)
    HAL_DMA_IRQHandler                       0x0800208d   Thumb Code   412  stm32f4xx_hal_dma.o(i.HAL_DMA_IRQHandler)
    HAL_DMA_Init                             0x0800222d   Thumb Code   206  stm32f4xx_hal_dma.o(i.HAL_DMA_Init)
    HAL_DMA_Start_IT                         0x08002301   Thumb Code   110  stm32f4xx_hal_dma.o(i.HAL_DMA_Start_IT)
    HAL_GPIO_Init                            0x08002371   Thumb Code   450  stm32f4xx_hal_gpio.o(i.HAL_GPIO_Init)
    HAL_GPIO_WritePin                        0x08002561   Thumb Code    10  stm32f4xx_hal_gpio.o(i.HAL_GPIO_WritePin)
    HAL_GetTick                              0x0800256d   Thumb Code     6  stm32f4xx_hal.o(i.HAL_GetTick)
    HAL_IncTick                              0x08002579   Thumb Code    12  stm32f4xx_hal.o(i.HAL_IncTick)
    HAL_Init                                 0x08002589   Thumb Code    48  stm32f4xx_hal.o(i.HAL_Init)
    HAL_InitTick                             0x080025bd   Thumb Code   118  stm32f4xx_hal_timebase_tim.o(i.HAL_InitTick)
    HAL_MspInit                              0x08002649   Thumb Code    52  stm32f4xx_hal_msp.o(i.HAL_MspInit)
    HAL_NVIC_EnableIRQ                       0x08002681   Thumb Code    26  stm32f4xx_hal_cortex.o(i.HAL_NVIC_EnableIRQ)
    HAL_NVIC_SetPriority                     0x0800269d   Thumb Code    60  stm32f4xx_hal_cortex.o(i.HAL_NVIC_SetPriority)
    HAL_NVIC_SetPriorityGrouping             0x080026dd   Thumb Code    26  stm32f4xx_hal_cortex.o(i.HAL_NVIC_SetPriorityGrouping)
    HAL_RCC_ClockConfig                      0x08002701   Thumb Code   288  stm32f4xx_hal_rcc.o(i.HAL_RCC_ClockConfig)
    HAL_RCC_GetClockConfig                   0x08002835   Thumb Code    54  stm32f4xx_hal_rcc.o(i.HAL_RCC_GetClockConfig)
    HAL_RCC_GetPCLK1Freq                     0x08002875   Thumb Code    20  stm32f4xx_hal_rcc.o(i.HAL_RCC_GetPCLK1Freq)
    HAL_RCC_GetPCLK2Freq                     0x08002895   Thumb Code    20  stm32f4xx_hal_rcc.o(i.HAL_RCC_GetPCLK2Freq)
    HAL_RCC_GetSysClockFreq                  0x080028b5   Thumb Code    88  stm32f4xx_hal_rcc.o(i.HAL_RCC_GetSysClockFreq)
    HAL_RCC_OscConfig                        0x08002919   Thumb Code   856  stm32f4xx_hal_rcc.o(i.HAL_RCC_OscConfig)
    HAL_TIMEx_BreakCallback                  0x08002c85   Thumb Code     2  stm32f4xx_hal_tim_ex.o(i.HAL_TIMEx_BreakCallback)
    HAL_TIMEx_CommutCallback                 0x08002c87   Thumb Code     2  stm32f4xx_hal_tim_ex.o(i.HAL_TIMEx_CommutCallback)
    HAL_TIM_Base_Init                        0x08002c89   Thumb Code    90  stm32f4xx_hal_tim.o(i.HAL_TIM_Base_Init)
    HAL_TIM_Base_MspInit                     0x08002ce3   Thumb Code     2  stm32f4xx_hal_tim.o(i.HAL_TIM_Base_MspInit)
    HAL_TIM_Base_Start_IT                    0x08002ce5   Thumb Code   100  stm32f4xx_hal_tim.o(i.HAL_TIM_Base_Start_IT)
    HAL_TIM_IC_CaptureCallback               0x08002d65   Thumb Code     2  stm32f4xx_hal_tim.o(i.HAL_TIM_IC_CaptureCallback)
    HAL_TIM_IRQHandler                       0x08002d67   Thumb Code   304  stm32f4xx_hal_tim.o(i.HAL_TIM_IRQHandler)
    HAL_TIM_OC_DelayElapsedCallback          0x08002e97   Thumb Code     2  stm32f4xx_hal_tim.o(i.HAL_TIM_OC_DelayElapsedCallback)
    HAL_TIM_PWM_PulseFinishedCallback        0x08002e99   Thumb Code     2  stm32f4xx_hal_tim.o(i.HAL_TIM_PWM_PulseFinishedCallback)
    HAL_TIM_PeriodElapsedCallback            0x08002e9d   Thumb Code    14  main.o(i.HAL_TIM_PeriodElapsedCallback)
    HAL_TIM_TriggerCallback                  0x08002eb1   Thumb Code     2  stm32f4xx_hal_tim.o(i.HAL_TIM_TriggerCallback)
    HAL_UARTEx_RxEventCallback               0x08002eb3   Thumb Code     2  stm32f4xx_hal_uart.o(i.HAL_UARTEx_RxEventCallback)
    HAL_UART_DMAStop                         0x08002eb5   Thumb Code   112  stm32f4xx_hal_uart.o(i.HAL_UART_DMAStop)
    HAL_UART_ErrorCallback                   0x08002f25   Thumb Code     2  stm32f4xx_hal_uart.o(i.HAL_UART_ErrorCallback)
    HAL_UART_GetState                        0x08002f27   Thumb Code    10  stm32f4xx_hal_uart.o(i.HAL_UART_GetState)
    HAL_UART_IRQHandler                      0x08002f31   Thumb Code   618  stm32f4xx_hal_uart.o(i.HAL_UART_IRQHandler)
    HAL_UART_Init                            0x080031a1   Thumb Code   100  stm32f4xx_hal_uart.o(i.HAL_UART_Init)
    HAL_UART_MspInit                         0x08003205   Thumb Code   280  usart.o(i.HAL_UART_MspInit)
    HAL_UART_Receive_DMA                     0x08003339   Thumb Code    28  stm32f4xx_hal_uart.o(i.HAL_UART_Receive_DMA)
    HAL_UART_RxCpltCallback                  0x08003355   Thumb Code     2  stm32f4xx_hal_uart.o(i.HAL_UART_RxCpltCallback)
    HAL_UART_RxHalfCpltCallback              0x08003357   Thumb Code     2  stm32f4xx_hal_uart.o(i.HAL_UART_RxHalfCpltCallback)
    HAL_UART_Transmit                        0x08003359   Thumb Code   160  stm32f4xx_hal_uart.o(i.HAL_UART_Transmit)
    HAL_UART_Transmit_DMA                    0x080033f9   Thumb Code   106  stm32f4xx_hal_uart.o(i.HAL_UART_Transmit_DMA)
    HAL_UART_TxCpltCallback                  0x08003471   Thumb Code    56  stm32f4xx_it.o(i.HAL_UART_TxCpltCallback)
    HAL_UART_TxHalfCpltCallback              0x080034b5   Thumb Code     2  stm32f4xx_hal_uart.o(i.HAL_UART_TxHalfCpltCallback)
    HardFault_Handler                        0x080034b7   Thumb Code     2  stm32f4xx_it.o(i.HardFault_Handler)
    MX_DMA_Init                              0x080034b9   Thumb Code    56  dma.o(i.MX_DMA_Init)
    MX_FREERTOS_Init                         0x080034f5   Thumb Code    40  freertos.o(i.MX_FREERTOS_Init)
    MX_GPIO_Init                             0x0800353d   Thumb Code   120  gpio.o(i.MX_GPIO_Init)
    MX_USART2_UART_Init                      0x080035bd   Thumb Code    48  usart.o(i.MX_USART2_UART_Init)
    MX_USART3_UART_Init                      0x080035f5   Thumb Code    48  usart.o(i.MX_USART3_UART_Init)
    MemManage_Handler                        0x0800362d   Thumb Code     2  stm32f4xx_it.o(i.MemManage_Handler)
    ModbusInit                               0x08003631   Thumb Code   104  modbus.o(i.ModbusInit)
    ModbusInitPrivately                      0x080036d9   Thumb Code    38  modbus_driver.o(i.ModbusInitPrivately)
    ModbusQuery                              0x0800371d   Thumb Code    16  modbus.o(i.ModbusQuery)
    MyModbusTask                             0x0800372d   Thumb Code    54  modbus_task.o(i.MyModbusTask)
    NMI_Handler                              0x08003779   Thumb Code     2  stm32f4xx_it.o(i.NMI_Handler)
    SendQueryToSlave                         0x0800377d   Thumb Code   308  modbus.o(i.SendQueryToSlave)
    StartDefaultTask                         0x080038b1   Thumb Code     8  freertos.o(i.StartDefaultTask)
    StartTaskModbusMaster                    0x080038b9   Thumb Code   166  modbus.o(i.StartTaskModbusMaster)
    SysTick_Handler                          0x08003989   Thumb Code    26  cmsis_os2.o(i.SysTick_Handler)
    SystemClock_Config                       0x080039a5   Thumb Code   136  main.o(i.SystemClock_Config)
    SystemInit                               0x08003a35   Thumb Code    12  system_stm32f4xx.o(i.SystemInit)
    TIM1_UP_TIM10_IRQHandler                 0x08003a45   Thumb Code     6  stm32f4xx_it.o(i.TIM1_UP_TIM10_IRQHandler)
    TIM_Base_SetConfig                       0x08003a51   Thumb Code   170  stm32f4xx_hal_tim.o(i.TIM_Base_SetConfig)
    UART_Start_Receive_DMA                   0x08003ead   Thumb Code   130  stm32f4xx_hal_uart.o(i.UART_Start_Receive_DMA)
    USART2_IRQHandler                        0x08003fb1   Thumb Code    18  stm32f4xx_it.o(i.USART2_IRQHandler)
    USART2_Rx485_IDLE                        0x08003fc9   Thumb Code   142  modbus_driver.o(i.USART2_Rx485_IDLE)
    USART2_Rx485_Init_Privately              0x0800406d   Thumb Code    14  modbus_driver.o(i.USART2_Rx485_Init_Privately)
    USART3_IRQHandler                        0x08004081   Thumb Code     6  stm32f4xx_it.o(i.USART3_IRQHandler)
    UsageFault_Handler                       0x0800408d   Thumb Code     2  stm32f4xx_it.o(i.UsageFault_Handler)
    __ARM_fpclassify                         0x0800408f   Thumb Code    48  fpclassify.o(i.__ARM_fpclassify)
    _is_digit                                0x080040df   Thumb Code    14  __printf_wp.o(i._is_digit)
    calcCRC                                  0x080040ed   Thumb Code    58  modbus.o(i.calcCRC)
    main                                     0x08004127   Thumb Code    42  main.o(i.main)
    osDelay                                  0x08004151   Thumb Code    26  cmsis_os2.o(i.osDelay)
    osKernelInitialize                       0x0800416d   Thumb Code    32  cmsis_os2.o(i.osKernelInitialize)
    osKernelStart                            0x08004191   Thumb Code    48  cmsis_os2.o(i.osKernelStart)
    osThreadNew                              0x080041c9   Thumb Code   138  cmsis_os2.o(i.osThreadNew)
    printf_usart3                            0x08004255   Thumb Code   114  uart_driver.o(i.printf_usart3)
    pvPortMalloc                             0x08004ab5   Thumb Code   216  heap_4.o(i.pvPortMalloc)
    pxPortInitialiseStack                    0x08004b91   Thumb Code    40  port.o(i.pxPortInitialiseStack)
    sendTxBuffer                             0x08004bbd   Thumb Code   164  modbus.o(i.sendTxBuffer)
    ulTaskNotifyTake                         0x08004c65   Thumb Code    96  tasks.o(i.ulTaskNotifyTake)
    uxListRemove                             0x08004ccd   Thumb Code    38  list.o(i.uxListRemove)
    uxQueueMessagesWaiting                   0x08004cf3   Thumb Code    36  queue.o(i.uxQueueMessagesWaiting)
    vApplicationGetIdleTaskMemory            0x08004d19   Thumb Code    16  cmsis_os2.o(i.vApplicationGetIdleTaskMemory)
    vApplicationGetTimerTaskMemory           0x08004d2d   Thumb Code    18  cmsis_os2.o(i.vApplicationGetTimerTaskMemory)
    vListInitialise                          0x08004d45   Thumb Code    22  list.o(i.vListInitialise)
    vListInitialiseItem                      0x08004d5b   Thumb Code     6  list.o(i.vListInitialiseItem)
    vListInsert                              0x08004d61   Thumb Code    48  list.o(i.vListInsert)
    vListInsertEnd                           0x08004d91   Thumb Code    24  list.o(i.vListInsertEnd)
    vPortEnterCritical                       0x08004da9   Thumb Code    54  port.o(i.vPortEnterCritical)
    vPortExitCritical                        0x08004de9   Thumb Code    34  port.o(i.vPortExitCritical)
    vPortFree                                0x08004e11   Thumb Code    94  heap_4.o(i.vPortFree)
    vPortSetupTimerInterrupt                 0x08004e75   Thumb Code    32  port.o(i.vPortSetupTimerInterrupt)
    vPortValidateInterruptPriority           0x08004e99   Thumb Code    74  port.o(i.vPortValidateInterruptPriority)
    vQueueAddToRegistry                      0x08004eed   Thumb Code    34  queue.o(i.vQueueAddToRegistry)
    vQueueWaitForMessageRestricted           0x08004f15   Thumb Code    68  queue.o(i.vQueueWaitForMessageRestricted)
    vTaskDelay                               0x08004f59   Thumb Code    66  tasks.o(i.vTaskDelay)
    vTaskInternalSetTimeOutState             0x08004fa5   Thumb Code    12  tasks.o(i.vTaskInternalSetTimeOutState)
    vTaskMissedYield                         0x08004fb5   Thumb Code     8  tasks.o(i.vTaskMissedYield)
    vTaskPlaceOnEventList                    0x08004fc1   Thumb Code    44  tasks.o(i.vTaskPlaceOnEventList)
    vTaskPlaceOnEventListRestricted          0x08004ff1   Thumb Code    52  tasks.o(i.vTaskPlaceOnEventListRestricted)
    vTaskStartScheduler                      0x08005029   Thumb Code   118  tasks.o(i.vTaskStartScheduler)
    vTaskSuspendAll                          0x080050b1   Thumb Code    10  tasks.o(i.vTaskSuspendAll)
    vTaskSwitchContext                       0x080050c1   Thumb Code    90  tasks.o(i.vTaskSwitchContext)
    validateAnswer                           0x08005179   Thumb Code   102  modbus.o(i.validateAnswer)
    xPortStartScheduler                      0x080051e5   Thumb Code   222  port.o(i.xPortStartScheduler)
    xPortSysTickHandler                      0x080052d9   Thumb Code    38  port.o(i.xPortSysTickHandler)
    xQueueGenericCreate                      0x08005305   Thumb Code    66  queue.o(i.xQueueGenericCreate)
    xQueueGenericCreateStatic                0x08005347   Thumb Code   102  queue.o(i.xQueueGenericCreateStatic)
    xQueueGenericReset                       0x080053ad   Thumb Code   132  queue.o(i.xQueueGenericReset)
    xQueueGenericSend                        0x08005435   Thumb Code   346  queue.o(i.xQueueGenericSend)
    xQueueGenericSendFromISR                 0x08005595   Thumb Code   190  queue.o(i.xQueueGenericSendFromISR)
    xQueueReceive                            0x08005655   Thumb Code   308  queue.o(i.xQueueReceive)
    xTaskCheckForTimeOut                     0x0800578d   Thumb Code   112  tasks.o(i.xTaskCheckForTimeOut)
    xTaskCreate                              0x08005801   Thumb Code    90  tasks.o(i.xTaskCreate)
    xTaskCreateStatic                        0x0800585b   Thumb Code    86  tasks.o(i.xTaskCreateStatic)
    xTaskGenericNotify                       0x080058b1   Thumb Code   210  tasks.o(i.xTaskGenericNotify)
    xTaskGenericNotifyFromISR                0x08005991   Thumb Code   246  tasks.o(i.xTaskGenericNotifyFromISR)
    xTaskGetSchedulerState                   0x08005a95   Thumb Code    22  tasks.o(i.xTaskGetSchedulerState)
    xTaskGetTickCount                        0x08005ab1   Thumb Code     6  tasks.o(i.xTaskGetTickCount)
    xTaskGetTickCountFromISR                 0x08005abd   Thumb Code    12  tasks.o(i.xTaskGetTickCountFromISR)
    xTaskIncrementTick                       0x08005acd   Thumb Code   192  tasks.o(i.xTaskIncrementTick)
    xTaskPriorityDisinherit                  0x08005b95   Thumb Code   118  tasks.o(i.xTaskPriorityDisinherit)
    xTaskRemoveFromEventList                 0x08005c15   Thumb Code    98  tasks.o(i.xTaskRemoveFromEventList)
    xTaskResumeAll                           0x08005c85   Thumb Code   182  tasks.o(i.xTaskResumeAll)
    xTimerCreate                             0x08005d49   Thumb Code    52  timers.o(i.xTimerCreate)
    xTimerCreateTimerTask                    0x08005d7d   Thumb Code    78  timers.o(i.xTimerCreateTimerTask)
    xTimerGenericCommand                     0x08005ddd   Thumb Code    98  timers.o(i.xTimerGenericCommand)
    _get_lc_numeric                          0x08005e45   Thumb Code    44  lc_numeric_c.o(locale$$code)
    _get_lc_ctype                            0x08005e71   Thumb Code    44  lc_ctype_c.o(locale$$code)
    _fp_init                                 0x08005e9d   Thumb Code    10  fpinit.o(x$fpl$fpinit)
    __fplib_config_fpu_vfp                   0x08005ea5   Thumb Code     0  fpinit.o(x$fpl$fpinit)
    __fplib_config_pureend_doubles           0x08005ea5   Thumb Code     0  fpinit.o(x$fpl$fpinit)
    _printf_fp_dec                           0x08005ea7   Thumb Code     4  printf1.o(x$fpl$printf1)
    _printf_fp_hex                           0x08005eab   Thumb Code     4  printf2.o(x$fpl$printf2)
    __I$use$fp                               0x08005eae   Number         0  usenofp.o(x$fpl$usenofp)
    defaultTask_attributes                   0x08005eb0   Data          36  freertos.o(.constdata)
    AHBPrescTable                            0x08005edc   Data          16  system_stm32f4xx.o(.constdata)
    APBPrescTable                            0x08005eec   Data           8  system_stm32f4xx.o(.constdata)
    fctsupported                             0x08005ef4   Data           8  modbus.o(.constdata)
    Region$$Table$$Base                      0x08006004   Number         0  anon$$obj.o(Region$$Table)
    Region$$Table$$Limit                     0x08006024   Number         0  anon$$obj.o(Region$$Table)
    __ctype                                  0x0800604d   Data           0  lc_ctype_c.o(locale$$data)
    handle_MyModbusTask                      0x20000000   Data           4  freertos.o(.data)
    defaultTaskHandle                        0x20000004   Data           4  freertos.o(.data)
    uwTickFreq                               0x20000008   Data           1  stm32f4xx_hal.o(.data)
    uwTickPrio                               0x2000000c   Data           4  stm32f4xx_hal.o(.data)
    uwTick                                   0x20000010   Data           4  stm32f4xx_hal.o(.data)
    SystemCoreClock                          0x20000014   Data           4  system_stm32f4xx.o(.data)
    pxCurrentTCB                             0x20000018   Data           4  tasks.o(.data)
    xHigherPriorityTaskWoken                 0x20000098   Data           4  modbus_driver.o(.data)
    huart2                                   0x2000009c   Data          72  usart.o(.bss)
    huart3                                   0x200000e4   Data          72  usart.o(.bss)
    hdma_usart2_rx                           0x2000012c   Data          96  usart.o(.bss)
    hdma_usart2_tx                           0x2000018c   Data          96  usart.o(.bss)
    htim1                                    0x200001ec   Data          72  stm32f4xx_hal_timebase_tim.o(.bss)
    xQueueRegistry                           0x20000234   Data          64  queue.o(.bss)
    ModbusH                                  0x20004b08   Data         136  modbus.o(.bss)
    __libspace_start                         0x20004b90   Data          96  libspace.o(.bss)
    __temporary_stack_top$libspace           0x20004bf0   Data           0  libspace.o(.bss)



==============================================================================

Memory Map of the image

  Image Entry point : 0x08000189

  Load Region LR_IROM1 (Base: 0x08000000, Size: 0x000061ec, Max: 0x00100000, ABSOLUTE)

    Execution Region ER_IROM1 (Exec base: 0x08000000, Load base: 0x08000000, Size: 0x00006150, Max: 0x00100000, ABSOLUTE)

    Exec Addr    Load Addr    Size         Type   Attr      Idx    E Section Name        Object

    0x08000000   0x08000000   0x00000188   Data   RO            3    RESET               startup_stm32f407xx.o
    0x08000188   0x08000188   0x00000008   Code   RO         5031  * !!!main             c_w.l(__main.o)
    0x08000190   0x08000190   0x00000034   Code   RO         5368    !!!scatter          c_w.l(__scatter.o)
    0x080001c4   0x080001c4   0x0000001a   Code   RO         5370    !!handler_copy      c_w.l(__scatter_copy.o)
    0x080001de   0x080001de   0x00000002   PAD
    0x080001e0   0x080001e0   0x0000001c   Code   RO         5372    !!handler_zi        c_w.l(__scatter_zi.o)
    0x080001fc   0x080001fc   0x00000000   Code   RO         5119    .ARM.Collect$$_printf_percent$$00000000  c_w.l(_printf_percent.o)
    0x080001fc   0x080001fc   0x00000006   Code   RO         5108    .ARM.Collect$$_printf_percent$$00000001  c_w.l(_printf_n.o)
    0x08000202   0x08000202   0x00000006   Code   RO         5110    .ARM.Collect$$_printf_percent$$00000002  c_w.l(_printf_p.o)
    0x08000208   0x08000208   0x00000006   Code   RO         5115    .ARM.Collect$$_printf_percent$$00000003  c_w.l(_printf_f.o)
    0x0800020e   0x0800020e   0x00000006   Code   RO         5116    .ARM.Collect$$_printf_percent$$00000004  c_w.l(_printf_e.o)
    0x08000214   0x08000214   0x00000006   Code   RO         5117    .ARM.Collect$$_printf_percent$$00000005  c_w.l(_printf_g.o)
    0x0800021a   0x0800021a   0x00000006   Code   RO         5118    .ARM.Collect$$_printf_percent$$00000006  c_w.l(_printf_a.o)
    0x08000220   0x08000220   0x0000000a   Code   RO         5123    .ARM.Collect$$_printf_percent$$00000007  c_w.l(_printf_ll.o)
    0x0800022a   0x0800022a   0x00000006   Code   RO         5112    .ARM.Collect$$_printf_percent$$00000008  c_w.l(_printf_i.o)
    0x08000230   0x08000230   0x00000006   Code   RO         5113    .ARM.Collect$$_printf_percent$$00000009  c_w.l(_printf_d.o)
    0x08000236   0x08000236   0x00000006   Code   RO         5114    .ARM.Collect$$_printf_percent$$0000000A  c_w.l(_printf_u.o)
    0x0800023c   0x0800023c   0x00000006   Code   RO         5111    .ARM.Collect$$_printf_percent$$0000000B  c_w.l(_printf_o.o)
    0x08000242   0x08000242   0x00000006   Code   RO         5109    .ARM.Collect$$_printf_percent$$0000000C  c_w.l(_printf_x.o)
    0x08000248   0x08000248   0x00000006   Code   RO         5120    .ARM.Collect$$_printf_percent$$0000000D  c_w.l(_printf_lli.o)
    0x0800024e   0x0800024e   0x00000006   Code   RO         5121    .ARM.Collect$$_printf_percent$$0000000E  c_w.l(_printf_lld.o)
    0x08000254   0x08000254   0x00000006   Code   RO         5122    .ARM.Collect$$_printf_percent$$0000000F  c_w.l(_printf_llu.o)
    0x0800025a   0x0800025a   0x00000006   Code   RO         5127    .ARM.Collect$$_printf_percent$$00000010  c_w.l(_printf_llo.o)
    0x08000260   0x08000260   0x00000006   Code   RO         5128    .ARM.Collect$$_printf_percent$$00000011  c_w.l(_printf_llx.o)
    0x08000266   0x08000266   0x0000000a   Code   RO         5124    .ARM.Collect$$_printf_percent$$00000012  c_w.l(_printf_l.o)
    0x08000270   0x08000270   0x00000006   Code   RO         5106    .ARM.Collect$$_printf_percent$$00000013  c_w.l(_printf_c.o)
    0x08000276   0x08000276   0x00000006   Code   RO         5107    .ARM.Collect$$_printf_percent$$00000014  c_w.l(_printf_s.o)
    0x0800027c   0x0800027c   0x00000006   Code   RO         5125    .ARM.Collect$$_printf_percent$$00000015  c_w.l(_printf_lc.o)
    0x08000282   0x08000282   0x00000006   Code   RO         5126    .ARM.Collect$$_printf_percent$$00000016  c_w.l(_printf_ls.o)
    0x08000288   0x08000288   0x00000004   Code   RO         5173    .ARM.Collect$$_printf_percent$$00000017  c_w.l(_printf_percent_end.o)
    0x0800028c   0x0800028c   0x00000002   Code   RO         5226    .ARM.Collect$$libinit$$00000000  c_w.l(libinit.o)
    0x0800028e   0x0800028e   0x00000004   Code   RO         5248    .ARM.Collect$$libinit$$00000001  c_w.l(libinit2.o)
    0x08000292   0x08000292   0x00000000   Code   RO         5251    .ARM.Collect$$libinit$$00000004  c_w.l(libinit2.o)
    0x08000292   0x08000292   0x00000000   Code   RO         5254    .ARM.Collect$$libinit$$0000000A  c_w.l(libinit2.o)
    0x08000292   0x08000292   0x00000000   Code   RO         5256    .ARM.Collect$$libinit$$0000000C  c_w.l(libinit2.o)
    0x08000292   0x08000292   0x00000000   Code   RO         5258    .ARM.Collect$$libinit$$0000000E  c_w.l(libinit2.o)
    0x08000292   0x08000292   0x00000006   Code   RO         5259    .ARM.Collect$$libinit$$0000000F  c_w.l(libinit2.o)
    0x08000298   0x08000298   0x00000000   Code   RO         5261    .ARM.Collect$$libinit$$00000011  c_w.l(libinit2.o)
    0x08000298   0x08000298   0x0000000c   Code   RO         5262    .ARM.Collect$$libinit$$00000012  c_w.l(libinit2.o)
    0x080002a4   0x080002a4   0x00000000   Code   RO         5263    .ARM.Collect$$libinit$$00000013  c_w.l(libinit2.o)
    0x080002a4   0x080002a4   0x00000000   Code   RO         5265    .ARM.Collect$$libinit$$00000015  c_w.l(libinit2.o)
    0x080002a4   0x080002a4   0x0000000a   Code   RO         5266    .ARM.Collect$$libinit$$00000016  c_w.l(libinit2.o)
    0x080002ae   0x080002ae   0x00000000   Code   RO         5267    .ARM.Collect$$libinit$$00000017  c_w.l(libinit2.o)
    0x080002ae   0x080002ae   0x00000000   Code   RO         5269    .ARM.Collect$$libinit$$00000019  c_w.l(libinit2.o)
    0x080002ae   0x080002ae   0x00000000   Code   RO         5271    .ARM.Collect$$libinit$$0000001B  c_w.l(libinit2.o)
    0x080002ae   0x080002ae   0x00000000   Code   RO         5273    .ARM.Collect$$libinit$$0000001D  c_w.l(libinit2.o)
    0x080002ae   0x080002ae   0x00000000   Code   RO         5275    .ARM.Collect$$libinit$$0000001F  c_w.l(libinit2.o)
    0x080002ae   0x080002ae   0x00000000   Code   RO         5277    .ARM.Collect$$libinit$$00000021  c_w.l(libinit2.o)
    0x080002ae   0x080002ae   0x00000000   Code   RO         5279    .ARM.Collect$$libinit$$00000023  c_w.l(libinit2.o)
    0x080002ae   0x080002ae   0x00000000   Code   RO         5281    .ARM.Collect$$libinit$$00000025  c_w.l(libinit2.o)
    0x080002ae   0x080002ae   0x00000000   Code   RO         5285    .ARM.Collect$$libinit$$0000002C  c_w.l(libinit2.o)
    0x080002ae   0x080002ae   0x00000000   Code   RO         5287    .ARM.Collect$$libinit$$0000002E  c_w.l(libinit2.o)
    0x080002ae   0x080002ae   0x00000000   Code   RO         5289    .ARM.Collect$$libinit$$00000030  c_w.l(libinit2.o)
    0x080002ae   0x080002ae   0x00000000   Code   RO         5291    .ARM.Collect$$libinit$$00000032  c_w.l(libinit2.o)
    0x080002ae   0x080002ae   0x00000002   Code   RO         5292    .ARM.Collect$$libinit$$00000033  c_w.l(libinit2.o)
    0x080002b0   0x080002b0   0x00000002   Code   RO         5323    .ARM.Collect$$libshutdown$$00000000  c_w.l(libshutdown.o)
    0x080002b2   0x080002b2   0x00000000   Code   RO         5349    .ARM.Collect$$libshutdown$$00000002  c_w.l(libshutdown2.o)
    0x080002b2   0x080002b2   0x00000000   Code   RO         5351    .ARM.Collect$$libshutdown$$00000004  c_w.l(libshutdown2.o)
    0x080002b2   0x080002b2   0x00000000   Code   RO         5353    .ARM.Collect$$libshutdown$$00000006  c_w.l(libshutdown2.o)
    0x080002b2   0x080002b2   0x00000000   Code   RO         5356    .ARM.Collect$$libshutdown$$00000009  c_w.l(libshutdown2.o)
    0x080002b2   0x080002b2   0x00000000   Code   RO         5359    .ARM.Collect$$libshutdown$$0000000C  c_w.l(libshutdown2.o)
    0x080002b2   0x080002b2   0x00000000   Code   RO         5361    .ARM.Collect$$libshutdown$$0000000E  c_w.l(libshutdown2.o)
    0x080002b2   0x080002b2   0x00000000   Code   RO         5364    .ARM.Collect$$libshutdown$$00000011  c_w.l(libshutdown2.o)
    0x080002b2   0x080002b2   0x00000002   Code   RO         5365    .ARM.Collect$$libshutdown$$00000012  c_w.l(libshutdown2.o)
    0x080002b4   0x080002b4   0x00000000   Code   RO         5033    .ARM.Collect$$rtentry$$00000000  c_w.l(__rtentry.o)
    0x080002b4   0x080002b4   0x00000000   Code   RO         5142    .ARM.Collect$$rtentry$$00000002  c_w.l(__rtentry2.o)
    0x080002b4   0x080002b4   0x00000006   Code   RO         5154    .ARM.Collect$$rtentry$$00000004  c_w.l(__rtentry4.o)
    0x080002ba   0x080002ba   0x00000000   Code   RO         5144    .ARM.Collect$$rtentry$$00000009  c_w.l(__rtentry2.o)
    0x080002ba   0x080002ba   0x00000004   Code   RO         5145    .ARM.Collect$$rtentry$$0000000A  c_w.l(__rtentry2.o)
    0x080002be   0x080002be   0x00000000   Code   RO         5147    .ARM.Collect$$rtentry$$0000000C  c_w.l(__rtentry2.o)
    0x080002be   0x080002be   0x00000008   Code   RO         5148    .ARM.Collect$$rtentry$$0000000D  c_w.l(__rtentry2.o)
    0x080002c6   0x080002c6   0x00000002   Code   RO         5235    .ARM.Collect$$rtexit$$00000000  c_w.l(rtexit.o)
    0x080002c8   0x080002c8   0x00000000   Code   RO         5296    .ARM.Collect$$rtexit$$00000002  c_w.l(rtexit2.o)
    0x080002c8   0x080002c8   0x00000004   Code   RO         5297    .ARM.Collect$$rtexit$$00000003  c_w.l(rtexit2.o)
    0x080002cc   0x080002cc   0x00000006   Code   RO         5298    .ARM.Collect$$rtexit$$00000004  c_w.l(rtexit2.o)
    0x080002d2   0x080002d2   0x00000002   PAD
    0x080002d4   0x080002d4   0x000000be   Code   RO         4729    .emb_text           port.o
    0x08000392   0x08000392   0x00000002   PAD
    0x08000394   0x08000394   0x00000040   Code   RO            4    .text               startup_stm32f407xx.o
    0x080003d4   0x080003d4   0x000000ee   Code   RO         5015    .text               c_w.l(lludivv7m.o)
    0x080004c2   0x080004c2   0x00000002   PAD
    0x080004c4   0x080004c4   0x00000024   Code   RO         5017    .text               c_w.l(vsprintf.o)
    0x080004e8   0x080004e8   0x0000003e   Code   RO         5019    .text               c_w.l(strlen.o)
    0x08000526   0x08000526   0x0000008a   Code   RO         5021    .text               c_w.l(rt_memcpy_v6.o)
    0x080005b0   0x080005b0   0x00000010   Code   RO         5025    .text               c_w.l(aeabi_memset.o)
    0x080005c0   0x080005c0   0x0000004e   Code   RO         5027    .text               c_w.l(rt_memclr_w.o)
    0x0800060e   0x0800060e   0x00000006   Code   RO         5029    .text               c_w.l(heapauxi.o)
    0x08000614   0x08000614   0x0000004e   Code   RO         5040    .text               c_w.l(_printf_pad.o)
    0x08000662   0x08000662   0x00000024   Code   RO         5042    .text               c_w.l(_printf_truncate.o)
    0x08000686   0x08000686   0x00000052   Code   RO         5044    .text               c_w.l(_printf_str.o)
    0x080006d8   0x080006d8   0x00000078   Code   RO         5046    .text               c_w.l(_printf_dec.o)
    0x08000750   0x08000750   0x00000028   Code   RO         5048    .text               c_w.l(_printf_charcount.o)
    0x08000778   0x08000778   0x00000030   Code   RO         5050    .text               c_w.l(_printf_char_common.o)
    0x080007a8   0x080007a8   0x0000000a   Code   RO         5052    .text               c_w.l(_sputc.o)
    0x080007b2   0x080007b2   0x00000002   PAD
    0x080007b4   0x080007b4   0x000000bc   Code   RO         5054    .text               c_w.l(_printf_wctomb.o)
    0x08000870   0x08000870   0x0000007c   Code   RO         5057    .text               c_w.l(_printf_longlong_dec.o)
    0x080008ec   0x080008ec   0x00000070   Code   RO         5063    .text               c_w.l(_printf_oct_int_ll.o)
    0x0800095c   0x0800095c   0x00000094   Code   RO         5083    .text               c_w.l(_printf_hex_int_ll_ptr.o)
    0x080009f0   0x080009f0   0x00000188   Code   RO         5103    .text               c_w.l(__printf_flags_ss_wp.o)
    0x08000b78   0x08000b78   0x00000064   Code   RO         5129    .text               c_w.l(rt_memcpy_w.o)
    0x08000bdc   0x08000bdc   0x00000044   Code   RO         5131    .text               c_w.l(rt_memclr.o)
    0x08000c20   0x08000c20   0x0000008a   Code   RO         5158    .text               c_w.l(lludiv10.o)
    0x08000caa   0x08000caa   0x000000b2   Code   RO         5160    .text               c_w.l(_printf_intcommon.o)
    0x08000d5c   0x08000d5c   0x0000041e   Code   RO         5162    .text               c_w.l(_printf_fp_dec.o)
    0x0800117a   0x0800117a   0x00000002   PAD
    0x0800117c   0x0800117c   0x000002fc   Code   RO         5164    .text               c_w.l(_printf_fp_hex.o)
    0x08001478   0x08001478   0x0000002c   Code   RO         5169    .text               c_w.l(_printf_char.o)
    0x080014a4   0x080014a4   0x0000002c   Code   RO         5171    .text               c_w.l(_printf_wchar.o)
    0x080014d0   0x080014d0   0x00000040   Code   RO         5174    .text               c_w.l(_wcrtomb.o)
    0x08001510   0x08001510   0x0000004a   Code   RO         5176    .text               c_w.l(sys_stackheap_outer.o)
    0x0800155a   0x0800155a   0x00000002   PAD
    0x0800155c   0x0800155c   0x00000010   Code   RO         5178    .text               c_w.l(rt_ctype_table.o)
    0x0800156c   0x0800156c   0x00000008   Code   RO         5183    .text               c_w.l(rt_locale_intlibspace.o)
    0x08001574   0x08001574   0x00000080   Code   RO         5185    .text               c_w.l(_printf_fp_infnan.o)
    0x080015f4   0x080015f4   0x000000e4   Code   RO         5187    .text               c_w.l(bigflt0.o)
    0x080016d8   0x080016d8   0x00000012   Code   RO         5215    .text               c_w.l(exit.o)
    0x080016ea   0x080016ea   0x00000002   PAD
    0x080016ec   0x080016ec   0x00000008   Code   RO         5232    .text               c_w.l(libspace.o)
    0x080016f4   0x080016f4   0x00000080   Code   RO         5246    .text               c_w.l(strcmpv7m.o)
    0x08001774   0x08001774   0x0000000c   Code   RO         5293    .text               c_w.l(sys_exit.o)
    0x08001780   0x08001780   0x00000002   Code   RO         5312    .text               c_w.l(use_no_semi.o)
    0x08001782   0x08001782   0x00000000   Code   RO         5314    .text               c_w.l(indicate_semi.o)
    0x08001782   0x08001782   0x0000003e   Code   RO         5190    CL$$btod_d2e        c_w.l(btod.o)
    0x080017c0   0x080017c0   0x00000046   Code   RO         5192    CL$$btod_d2e_denorm_low  c_w.l(btod.o)
    0x08001806   0x08001806   0x00000060   Code   RO         5191    CL$$btod_d2e_norm_op1  c_w.l(btod.o)
    0x08001866   0x08001866   0x00000338   Code   RO         5200    CL$$btod_div_common  c_w.l(btod.o)
    0x08001b9e   0x08001b9e   0x000000dc   Code   RO         5197    CL$$btod_e2e        c_w.l(btod.o)
    0x08001c7a   0x08001c7a   0x0000002a   Code   RO         5194    CL$$btod_ediv       c_w.l(btod.o)
    0x08001ca4   0x08001ca4   0x0000002a   Code   RO         5193    CL$$btod_emul       c_w.l(btod.o)
    0x08001cce   0x08001cce   0x00000244   Code   RO         5199    CL$$btod_mult_common  c_w.l(btod.o)
    0x08001f12   0x08001f12   0x00000002   Code   RO          375    i.BusFault_Handler  stm32f4xx_it.o
    0x08001f14   0x08001f14   0x0000000c   Code   RO          376    i.DMA1_Stream5_IRQHandler  stm32f4xx_it.o
    0x08001f20   0x08001f20   0x0000000c   Code   RO          377    i.DMA1_Stream6_IRQHandler  stm32f4xx_it.o
    0x08001f2c   0x08001f2c   0x00000028   Code   RO          995    i.DMA_CalcBaseAndBitshift  stm32f4xx_hal_dma.o
    0x08001f54   0x08001f54   0x00000054   Code   RO          996    i.DMA_CheckFifoParam  stm32f4xx_hal_dma.o
    0x08001fa8   0x08001fa8   0x00000028   Code   RO          997    i.DMA_SetConfig     stm32f4xx_hal_dma.o
    0x08001fd0   0x08001fd0   0x00000002   Code   RO          378    i.DebugMon_Handler  stm32f4xx_it.o
    0x08001fd2   0x08001fd2   0x00000004   Code   RO           13    i.Error_Handler     main.o
    0x08001fd6   0x08001fd6   0x00000092   Code   RO          998    i.HAL_DMA_Abort     stm32f4xx_hal_dma.o
    0x08002068   0x08002068   0x00000024   Code   RO          999    i.HAL_DMA_Abort_IT  stm32f4xx_hal_dma.o
    0x0800208c   0x0800208c   0x000001a0   Code   RO         1003    i.HAL_DMA_IRQHandler  stm32f4xx_hal_dma.o
    0x0800222c   0x0800222c   0x000000d4   Code   RO         1004    i.HAL_DMA_Init      stm32f4xx_hal_dma.o
    0x08002300   0x08002300   0x0000006e   Code   RO         1008    i.HAL_DMA_Start_IT  stm32f4xx_hal_dma.o
    0x0800236e   0x0800236e   0x00000002   PAD
    0x08002370   0x08002370   0x000001f0   Code   RO          891    i.HAL_GPIO_Init     stm32f4xx_hal_gpio.o
    0x08002560   0x08002560   0x0000000a   Code   RO          895    i.HAL_GPIO_WritePin  stm32f4xx_hal_gpio.o
    0x0800256a   0x0800256a   0x00000002   PAD
    0x0800256c   0x0800256c   0x0000000c   Code   RO         1441    i.HAL_GetTick       stm32f4xx_hal.o
    0x08002578   0x08002578   0x00000010   Code   RO         1447    i.HAL_IncTick       stm32f4xx_hal.o
    0x08002588   0x08002588   0x00000034   Code   RO         1448    i.HAL_Init          stm32f4xx_hal.o
    0x080025bc   0x080025bc   0x0000008c   Code   RO          497    i.HAL_InitTick      stm32f4xx_hal_timebase_tim.o
    0x08002648   0x08002648   0x00000038   Code   RO          473    i.HAL_MspInit       stm32f4xx_hal_msp.o
    0x08002680   0x08002680   0x0000001a   Code   RO         1283    i.HAL_NVIC_EnableIRQ  stm32f4xx_hal_cortex.o
    0x0800269a   0x0800269a   0x00000002   PAD
    0x0800269c   0x0800269c   0x00000040   Code   RO         1289    i.HAL_NVIC_SetPriority  stm32f4xx_hal_cortex.o
    0x080026dc   0x080026dc   0x00000024   Code   RO         1290    i.HAL_NVIC_SetPriorityGrouping  stm32f4xx_hal_cortex.o
    0x08002700   0x08002700   0x00000134   Code   RO          537    i.HAL_RCC_ClockConfig  stm32f4xx_hal_rcc.o
    0x08002834   0x08002834   0x00000040   Code   RO          541    i.HAL_RCC_GetClockConfig  stm32f4xx_hal_rcc.o
    0x08002874   0x08002874   0x00000020   Code   RO          544    i.HAL_RCC_GetPCLK1Freq  stm32f4xx_hal_rcc.o
    0x08002894   0x08002894   0x00000020   Code   RO          545    i.HAL_RCC_GetPCLK2Freq  stm32f4xx_hal_rcc.o
    0x080028b4   0x080028b4   0x00000064   Code   RO          546    i.HAL_RCC_GetSysClockFreq  stm32f4xx_hal_rcc.o
    0x08002918   0x08002918   0x0000036c   Code   RO          549    i.HAL_RCC_OscConfig  stm32f4xx_hal_rcc.o
    0x08002c84   0x08002c84   0x00000002   Code   RO         2392    i.HAL_TIMEx_BreakCallback  stm32f4xx_hal_tim_ex.o
    0x08002c86   0x08002c86   0x00000002   Code   RO         2393    i.HAL_TIMEx_CommutCallback  stm32f4xx_hal_tim_ex.o
    0x08002c88   0x08002c88   0x0000005a   Code   RO         1688    i.HAL_TIM_Base_Init  stm32f4xx_hal_tim.o
    0x08002ce2   0x08002ce2   0x00000002   Code   RO         1690    i.HAL_TIM_Base_MspInit  stm32f4xx_hal_tim.o
    0x08002ce4   0x08002ce4   0x00000080   Code   RO         1693    i.HAL_TIM_Base_Start_IT  stm32f4xx_hal_tim.o
    0x08002d64   0x08002d64   0x00000002   Code   RO         1722    i.HAL_TIM_IC_CaptureCallback  stm32f4xx_hal_tim.o
    0x08002d66   0x08002d66   0x00000130   Code   RO         1736    i.HAL_TIM_IRQHandler  stm32f4xx_hal_tim.o
    0x08002e96   0x08002e96   0x00000002   Code   RO         1739    i.HAL_TIM_OC_DelayElapsedCallback  stm32f4xx_hal_tim.o
    0x08002e98   0x08002e98   0x00000002   Code   RO         1766    i.HAL_TIM_PWM_PulseFinishedCallback  stm32f4xx_hal_tim.o
    0x08002e9a   0x08002e9a   0x00000002   PAD
    0x08002e9c   0x08002e9c   0x00000014   Code   RO           14    i.HAL_TIM_PeriodElapsedCallback  main.o
    0x08002eb0   0x08002eb0   0x00000002   Code   RO         1779    i.HAL_TIM_TriggerCallback  stm32f4xx_hal_tim.o
    0x08002eb2   0x08002eb2   0x00000002   Code   RO         2671    i.HAL_UARTEx_RxEventCallback  stm32f4xx_hal_uart.o
    0x08002eb4   0x08002eb4   0x00000070   Code   RO         2683    i.HAL_UART_DMAStop  stm32f4xx_hal_uart.o
    0x08002f24   0x08002f24   0x00000002   Code   RO         2685    i.HAL_UART_ErrorCallback  stm32f4xx_hal_uart.o
    0x08002f26   0x08002f26   0x0000000a   Code   RO         2687    i.HAL_UART_GetState  stm32f4xx_hal_uart.o
    0x08002f30   0x08002f30   0x00000270   Code   RO         2688    i.HAL_UART_IRQHandler  stm32f4xx_hal_uart.o
    0x080031a0   0x080031a0   0x00000064   Code   RO         2689    i.HAL_UART_Init     stm32f4xx_hal_uart.o
    0x08003204   0x08003204   0x00000134   Code   RO          328    i.HAL_UART_MspInit  usart.o
    0x08003338   0x08003338   0x0000001c   Code   RO         2693    i.HAL_UART_Receive_DMA  stm32f4xx_hal_uart.o
    0x08003354   0x08003354   0x00000002   Code   RO         2695    i.HAL_UART_RxCpltCallback  stm32f4xx_hal_uart.o
    0x08003356   0x08003356   0x00000002   Code   RO         2696    i.HAL_UART_RxHalfCpltCallback  stm32f4xx_hal_uart.o
    0x08003358   0x08003358   0x000000a0   Code   RO         2697    i.HAL_UART_Transmit  stm32f4xx_hal_uart.o
    0x080033f8   0x080033f8   0x00000078   Code   RO         2698    i.HAL_UART_Transmit_DMA  stm32f4xx_hal_uart.o
    0x08003470   0x08003470   0x00000044   Code   RO          379    i.HAL_UART_TxCpltCallback  stm32f4xx_it.o
    0x080034b4   0x080034b4   0x00000002   Code   RO         2701    i.HAL_UART_TxHalfCpltCallback  stm32f4xx_hal_uart.o
    0x080034b6   0x080034b6   0x00000002   Code   RO          380    i.HardFault_Handler  stm32f4xx_it.o
    0x080034b8   0x080034b8   0x0000003c   Code   RO          303    i.MX_DMA_Init       dma.o
    0x080034f4   0x080034f4   0x00000048   Code   RO          257    i.MX_FREERTOS_Init  freertos.o
    0x0800353c   0x0800353c   0x00000080   Code   RO          233    i.MX_GPIO_Init      gpio.o
    0x080035bc   0x080035bc   0x00000038   Code   RO          329    i.MX_USART2_UART_Init  usart.o
    0x080035f4   0x080035f4   0x00000038   Code   RO          330    i.MX_USART3_UART_Init  usart.o
    0x0800362c   0x0800362c   0x00000002   Code   RO          381    i.MemManage_Handler  stm32f4xx_it.o
    0x0800362e   0x0800362e   0x00000002   PAD
    0x08003630   0x08003630   0x000000a8   Code   RO         4809    i.ModbusInit        modbus.o
    0x080036d8   0x080036d8   0x00000044   Code   RO         4941    i.ModbusInitPrivately  modbus_driver.o
    0x0800371c   0x0800371c   0x00000010   Code   RO         4810    i.ModbusQuery       modbus.o
    0x0800372c   0x0800372c   0x0000004c   Code   RO         4992    i.MyModbusTask      modbus_task.o
    0x08003778   0x08003778   0x00000002   Code   RO          382    i.NMI_Handler       stm32f4xx_it.o
    0x0800377a   0x0800377a   0x00000002   PAD
    0x0800377c   0x0800377c   0x00000134   Code   RO         4811    i.SendQueryToSlave  modbus.o
    0x080038b0   0x080038b0   0x00000008   Code   RO          258    i.StartDefaultTask  freertos.o
    0x080038b8   0x080038b8   0x000000d0   Code   RO         4812    i.StartTaskModbusMaster  modbus.o
    0x08003988   0x08003988   0x0000001a   Code   RO         4164    i.SysTick_Handler   cmsis_os2.o
    0x080039a2   0x080039a2   0x00000002   PAD
    0x080039a4   0x080039a4   0x00000090   Code   RO           15    i.SystemClock_Config  main.o
    0x08003a34   0x08003a34   0x00000010   Code   RO         3023    i.SystemInit        system_stm32f4xx.o
    0x08003a44   0x08003a44   0x0000000c   Code   RO          383    i.TIM1_UP_TIM10_IRQHandler  stm32f4xx_it.o
    0x08003a50   0x08003a50   0x000000d8   Code   RO         1781    i.TIM_Base_SetConfig  stm32f4xx_hal_tim.o
    0x08003b28   0x08003b28   0x00000010   Code   RO         2702    i.UART_DMAAbortOnError  stm32f4xx_hal_uart.o
    0x08003b38   0x08003b38   0x0000004a   Code   RO         2703    i.UART_DMAError     stm32f4xx_hal_uart.o
    0x08003b82   0x08003b82   0x00000086   Code   RO         2704    i.UART_DMAReceiveCplt  stm32f4xx_hal_uart.o
    0x08003c08   0x08003c08   0x0000001e   Code   RO         2706    i.UART_DMARxHalfCplt  stm32f4xx_hal_uart.o
    0x08003c26   0x08003c26   0x00000042   Code   RO         2708    i.UART_DMATransmitCplt  stm32f4xx_hal_uart.o
    0x08003c68   0x08003c68   0x0000000a   Code   RO         2710    i.UART_DMATxHalfCplt  stm32f4xx_hal_uart.o
    0x08003c72   0x08003c72   0x0000004e   Code   RO         2712    i.UART_EndRxTransfer  stm32f4xx_hal_uart.o
    0x08003cc0   0x08003cc0   0x0000001c   Code   RO         2713    i.UART_EndTxTransfer  stm32f4xx_hal_uart.o
    0x08003cdc   0x08003cdc   0x000000c2   Code   RO         2714    i.UART_Receive_IT   stm32f4xx_hal_uart.o
    0x08003d9e   0x08003d9e   0x00000002   PAD
    0x08003da0   0x08003da0   0x0000010c   Code   RO         2715    i.UART_SetConfig    stm32f4xx_hal_uart.o
    0x08003eac   0x08003eac   0x00000090   Code   RO         2716    i.UART_Start_Receive_DMA  stm32f4xx_hal_uart.o
    0x08003f3c   0x08003f3c   0x00000072   Code   RO         2718    i.UART_WaitOnFlagUntilTimeout  stm32f4xx_hal_uart.o
    0x08003fae   0x08003fae   0x00000002   PAD
    0x08003fb0   0x08003fb0   0x00000018   Code   RO          384    i.USART2_IRQHandler  stm32f4xx_it.o
    0x08003fc8   0x08003fc8   0x000000a4   Code   RO         4942    i.USART2_Rx485_IDLE  modbus_driver.o
    0x0800406c   0x0800406c   0x00000014   Code   RO         4943    i.USART2_Rx485_Init_Privately  modbus_driver.o
    0x08004080   0x08004080   0x0000000c   Code   RO          385    i.USART3_IRQHandler  stm32f4xx_it.o
    0x0800408c   0x0800408c   0x00000002   Code   RO          386    i.UsageFault_Handler  stm32f4xx_it.o
    0x0800408e   0x0800408e   0x00000030   Code   RO         5230    i.__ARM_fpclassify  m_wm.l(fpclassify.o)
    0x080040be   0x080040be   0x00000020   Code   RO         1296    i.__NVIC_SetPriority  stm32f4xx_hal_cortex.o
    0x080040de   0x080040de   0x0000000e   Code   RO         5096    i._is_digit         c_w.l(__printf_wp.o)
    0x080040ec   0x080040ec   0x0000003a   Code   RO         4813    i.calcCRC           modbus.o
    0x08004126   0x08004126   0x0000002a   Code   RO           16    i.main              main.o
    0x08004150   0x08004150   0x0000001a   Code   RO         4166    i.osDelay           cmsis_os2.o
    0x0800416a   0x0800416a   0x00000002   PAD
    0x0800416c   0x0800416c   0x00000024   Code   RO         4180    i.osKernelInitialize  cmsis_os2.o
    0x08004190   0x08004190   0x00000038   Code   RO         4183    i.osKernelStart     cmsis_os2.o
    0x080041c8   0x080041c8   0x0000008a   Code   RO         4225    i.osThreadNew       cmsis_os2.o
    0x08004252   0x08004252   0x00000002   PAD
    0x08004254   0x08004254   0x0000007c   Code   RO         4890    i.printf_usart3     uart_driver.o
    0x080042d0   0x080042d0   0x0000005c   Code   RO         3628    i.prvAddCurrentTaskToDelayedList  tasks.o
    0x0800432c   0x0800432c   0x000000d0   Code   RO         3629    i.prvAddNewTaskToReadyList  tasks.o
    0x080043fc   0x080043fc   0x00000058   Code   RO         3993    i.prvCheckForValidListAndQueue  timers.o
    0x08004454   0x08004454   0x00000026   Code   RO         3225    i.prvCopyDataFromQueue  queue.o
    0x0800447a   0x0800447a   0x0000006c   Code   RO         3226    i.prvCopyDataToQueue  queue.o
    0x080044e6   0x080044e6   0x00000034   Code   RO         3630    i.prvDeleteTCB      tasks.o
    0x0800451a   0x0800451a   0x00000002   PAD
    0x0800451c   0x0800451c   0x0000004c   Code   RO         4674    i.prvHeapInit       heap_4.o
    0x08004568   0x08004568   0x00000060   Code   RO         3631    i.prvIdleTask       tasks.o
    0x080045c8   0x080045c8   0x00000022   Code   RO         3228    i.prvInitialiseNewQueue  queue.o
    0x080045ea   0x080045ea   0x00000002   PAD
    0x080045ec   0x080045ec   0x000000b0   Code   RO         3632    i.prvInitialiseNewTask  tasks.o
    0x0800469c   0x0800469c   0x0000004e   Code   RO         3994    i.prvInitialiseNewTimer  timers.o
    0x080046ea   0x080046ea   0x00000002   PAD
    0x080046ec   0x080046ec   0x0000004c   Code   RO         4675    i.prvInsertBlockIntoFreeList  heap_4.o
    0x08004738   0x08004738   0x00000038   Code   RO         3995    i.prvInsertTimerInActiveList  timers.o
    0x08004770   0x08004770   0x0000001c   Code   RO         3229    i.prvIsQueueEmpty   queue.o
    0x0800478c   0x0800478c   0x000000fc   Code   RO         3996    i.prvProcessReceivedCommands  timers.o
    0x08004888   0x08004888   0x000000c0   Code   RO         3997    i.prvProcessTimerOrBlockTask  timers.o
    0x08004948   0x08004948   0x00000020   Code   RO         3634    i.prvResetNextTaskUnblockTime  tasks.o
    0x08004968   0x08004968   0x00000028   Code   RO         3998    i.prvSampleTimeNow  timers.o
    0x08004990   0x08004990   0x0000006c   Code   RO         3999    i.prvSwitchTimerLists  timers.o
    0x080049fc   0x080049fc   0x00000028   Code   RO         4730    i.prvTaskExitError  port.o
    0x08004a24   0x08004a24   0x00000024   Code   RO         4000    i.prvTimerTask      timers.o
    0x08004a48   0x08004a48   0x0000006a   Code   RO         3230    i.prvUnlockQueue    queue.o
    0x08004ab2   0x08004ab2   0x00000002   PAD
    0x08004ab4   0x08004ab4   0x000000dc   Code   RO         4676    i.pvPortMalloc      heap_4.o
    0x08004b90   0x08004b90   0x0000002c   Code   RO         4731    i.pxPortInitialiseStack  port.o
    0x08004bbc   0x08004bbc   0x000000a8   Code   RO         4814    i.sendTxBuffer      modbus.o
    0x08004c64   0x08004c64   0x00000068   Code   RO         3638    i.ulTaskNotifyTake  tasks.o
    0x08004ccc   0x08004ccc   0x00000026   Code   RO         3185    i.uxListRemove      list.o
    0x08004cf2   0x08004cf2   0x00000024   Code   RO         3233    i.uxQueueMessagesWaiting  queue.o
    0x08004d16   0x08004d16   0x00000002   PAD
    0x08004d18   0x08004d18   0x00000014   Code   RO         4237    i.vApplicationGetIdleTaskMemory  cmsis_os2.o
    0x08004d2c   0x08004d2c   0x00000018   Code   RO         4238    i.vApplicationGetTimerTaskMemory  cmsis_os2.o
    0x08004d44   0x08004d44   0x00000016   Code   RO         3186    i.vListInitialise   list.o
    0x08004d5a   0x08004d5a   0x00000006   Code   RO         3187    i.vListInitialiseItem  list.o
    0x08004d60   0x08004d60   0x00000030   Code   RO         3188    i.vListInsert       list.o
    0x08004d90   0x08004d90   0x00000018   Code   RO         3189    i.vListInsertEnd    list.o
    0x08004da8   0x08004da8   0x00000040   Code   RO         4733    i.vPortEnterCritical  port.o
    0x08004de8   0x08004de8   0x00000028   Code   RO         4734    i.vPortExitCritical  port.o
    0x08004e10   0x08004e10   0x00000064   Code   RO         4677    i.vPortFree         heap_4.o
    0x08004e74   0x08004e74   0x00000024   Code   RO         4735    i.vPortSetupTimerInterrupt  port.o
    0x08004e98   0x08004e98   0x00000054   Code   RO         4736    i.vPortValidateInterruptPriority  port.o
    0x08004eec   0x08004eec   0x00000028   Code   RO         3236    i.vQueueAddToRegistry  queue.o
    0x08004f14   0x08004f14   0x00000044   Code   RO         3240    i.vQueueWaitForMessageRestricted  queue.o
    0x08004f58   0x08004f58   0x0000004c   Code   RO         3647    i.vTaskDelay        tasks.o
    0x08004fa4   0x08004fa4   0x00000010   Code   RO         3652    i.vTaskInternalSetTimeOutState  tasks.o
    0x08004fb4   0x08004fb4   0x0000000c   Code   RO         3653    i.vTaskMissedYield  tasks.o
    0x08004fc0   0x08004fc0   0x00000030   Code   RO         3655    i.vTaskPlaceOnEventList  tasks.o
    0x08004ff0   0x08004ff0   0x00000038   Code   RO         3656    i.vTaskPlaceOnEventListRestricted  tasks.o
    0x08005028   0x08005028   0x00000088   Code   RO         3664    i.vTaskStartScheduler  tasks.o
    0x080050b0   0x080050b0   0x00000010   Code   RO         3666    i.vTaskSuspendAll   tasks.o
    0x080050c0   0x080050c0   0x00000064   Code   RO         3667    i.vTaskSwitchContext  tasks.o
    0x08005124   0x08005124   0x00000038   Code   RO         4815    i.vTimerCallbackT35  modbus.o
    0x0800515c   0x0800515c   0x0000001c   Code   RO         4816    i.vTimerCallbackTimeout  modbus.o
    0x08005178   0x08005178   0x0000006c   Code   RO         4817    i.validateAnswer    modbus.o
    0x080051e4   0x080051e4   0x000000f4   Code   RO         4737    i.xPortStartScheduler  port.o
    0x080052d8   0x080052d8   0x0000002c   Code   RO         4738    i.xPortSysTickHandler  port.o
    0x08005304   0x08005304   0x00000042   Code   RO         3245    i.xQueueGenericCreate  queue.o
    0x08005346   0x08005346   0x00000066   Code   RO         3246    i.xQueueGenericCreateStatic  queue.o
    0x080053ac   0x080053ac   0x00000088   Code   RO         3247    i.xQueueGenericReset  queue.o
    0x08005434   0x08005434   0x00000160   Code   RO         3248    i.xQueueGenericSend  queue.o
    0x08005594   0x08005594   0x000000be   Code   RO         3249    i.xQueueGenericSendFromISR  queue.o
    0x08005652   0x08005652   0x00000002   PAD
    0x08005654   0x08005654   0x00000138   Code   RO         3258    i.xQueueReceive     queue.o
    0x0800578c   0x0800578c   0x00000074   Code   RO         3669    i.xTaskCheckForTimeOut  tasks.o
    0x08005800   0x08005800   0x0000005a   Code   RO         3670    i.xTaskCreate       tasks.o
    0x0800585a   0x0800585a   0x00000056   Code   RO         3671    i.xTaskCreateStatic  tasks.o
    0x080058b0   0x080058b0   0x000000e0   Code   RO         3672    i.xTaskGenericNotify  tasks.o
    0x08005990   0x08005990   0x00000104   Code   RO         3673    i.xTaskGenericNotifyFromISR  tasks.o
    0x08005a94   0x08005a94   0x0000001c   Code   RO         3675    i.xTaskGetSchedulerState  tasks.o
    0x08005ab0   0x08005ab0   0x0000000c   Code   RO         3676    i.xTaskGetTickCount  tasks.o
    0x08005abc   0x08005abc   0x00000010   Code   RO         3677    i.xTaskGetTickCountFromISR  tasks.o
    0x08005acc   0x08005acc   0x000000c8   Code   RO         3678    i.xTaskIncrementTick  tasks.o
    0x08005b94   0x08005b94   0x00000080   Code   RO         3681    i.xTaskPriorityDisinherit  tasks.o
    0x08005c14   0x08005c14   0x00000070   Code   RO         3683    i.xTaskRemoveFromEventList  tasks.o
    0x08005c84   0x08005c84   0x000000c4   Code   RO         3684    i.xTaskResumeAll    tasks.o
    0x08005d48   0x08005d48   0x00000034   Code   RO         4007    i.xTimerCreate      timers.o
    0x08005d7c   0x08005d7c   0x00000060   Code   RO         4009    i.xTimerCreateTimerTask  timers.o
    0x08005ddc   0x08005ddc   0x00000068   Code   RO         4010    i.xTimerGenericCommand  timers.o
    0x08005e44   0x08005e44   0x0000002c   Code   RO         5213    locale$$code        c_w.l(lc_numeric_c.o)
    0x08005e70   0x08005e70   0x0000002c   Code   RO         5240    locale$$code        c_w.l(lc_ctype_c.o)
    0x08005e9c   0x08005e9c   0x0000000a   Code   RO         5308    x$fpl$fpinit        fz_wm.l(fpinit.o)
    0x08005ea6   0x08005ea6   0x00000004   Code   RO         5133    x$fpl$printf1       fz_wm.l(printf1.o)
    0x08005eaa   0x08005eaa   0x00000004   Code   RO         5135    x$fpl$printf2       fz_wm.l(printf2.o)
    0x08005eae   0x08005eae   0x00000000   Code   RO         5229    x$fpl$usenofp       fz_wm.l(usenofp.o)
    0x08005eae   0x08005eae   0x00000002   PAD
    0x08005eb0   0x08005eb0   0x00000024   Data   RO          259    .constdata          freertos.o
    0x08005ed4   0x08005ed4   0x00000008   Data   RO         1010    .constdata          stm32f4xx_hal_dma.o
    0x08005edc   0x08005edc   0x00000010   Data   RO         3024    .constdata          system_stm32f4xx.o
    0x08005eec   0x08005eec   0x00000008   Data   RO         3025    .constdata          system_stm32f4xx.o
    0x08005ef4   0x08005ef4   0x00000008   Data   RO         4819    .constdata          modbus.o
    0x08005efc   0x08005efc   0x00000008   Data   RO         5055    .constdata          c_w.l(_printf_wctomb.o)
    0x08005f04   0x08005f04   0x00000028   Data   RO         5084    .constdata          c_w.l(_printf_hex_int_ll_ptr.o)
    0x08005f2c   0x08005f2c   0x00000011   Data   RO         5104    .constdata          c_w.l(__printf_flags_ss_wp.o)
    0x08005f3d   0x08005f3d   0x00000026   Data   RO         5165    .constdata          c_w.l(_printf_fp_hex.o)
    0x08005f63   0x08005f63   0x00000001   PAD
    0x08005f64   0x08005f64   0x00000094   Data   RO         5188    .constdata          c_w.l(bigflt0.o)
    0x08005ff8   0x08005ff8   0x0000000c   Data   RO          260    .conststring        freertos.o
    0x08006004   0x08006004   0x00000020   Data   RO         5366    Region$$Table       anon$$obj.o
    0x08006024   0x08006024   0x0000001c   Data   RO         5212    locale$$data        c_w.l(lc_numeric_c.o)
    0x08006040   0x08006040   0x00000110   Data   RO         5239    locale$$data        c_w.l(lc_ctype_c.o)


    Execution Region RW_IRAM1 (Exec base: 0x20000000, Load base: 0x08006150, Size: 0x000051f0, Max: 0x0001c000, ABSOLUTE)

    Exec Addr    Load Addr    Size         Type   Attr      Idx    E Section Name        Object

    0x20000000   0x08006150   0x00000008   Data   RW          261    .data               freertos.o
    0x20000008   0x08006158   0x0000000c   Data   RW         1455    .data               stm32f4xx_hal.o
    0x20000014   0x08006164   0x00000004   Data   RW         3026    .data               system_stm32f4xx.o
    0x20000018   0x08006168   0x0000003c   Data   RW         3687    .data               tasks.o
    0x20000054   0x080061a4   0x00000014   Data   RW         4018    .data               timers.o
    0x20000068   0x080061b8   0x00000004   Data   RW         4240    .data               cmsis_os2.o
    0x2000006c   0x080061bc   0x00000020   Data   RW         4683    .data               heap_4.o
    0x2000008c   0x080061dc   0x0000000c   Data   RW         4739    .data               port.o
    0x20000098   0x080061e8   0x00000004   Data   RW         4948    .data               modbus_driver.o
    0x2000009c        -       0x00000150   Zero   RW          331    .bss                usart.o
    0x200001ec        -       0x00000048   Zero   RW          500    .bss                stm32f4xx_hal_timebase_tim.o
    0x20000234        -       0x00000040   Zero   RW         3262    .bss                queue.o
    0x20000274        -       0x000004c4   Zero   RW         3686    .bss                tasks.o
    0x20000738        -       0x00000118   Zero   RW         4017    .bss                timers.o
    0x20000850        -       0x000006b8   Zero   RW         4239    .bss                cmsis_os2.o
    0x20000f08        -       0x00003c00   Zero   RW         4682    .bss                heap_4.o
    0x20004b08        -       0x00000088   Zero   RW         4818    .bss                modbus.o
    0x20004b90        -       0x00000060   Zero   RW         5233    .bss                c_w.l(libspace.o)
    0x20004bf0        -       0x00000200   Zero   RW            2    HEAP                startup_stm32f407xx.o
    0x20004df0        -       0x00000400   Zero   RW            1    STACK               startup_stm32f407xx.o


    Execution Region RW_IRAM2 (Exec base: 0x2001c000, Load base: 0x080061ec, Size: 0x00000000, Max: 0x00004000, ABSOLUTE)

    **** No section assigned to this execution region ****


==============================================================================

Image component sizes


      Code (inc. data)   RO Data    RW Data    ZI Data      Debug   Object Name

       326         22          0          4       1720      62303   cmsis_os2.o
        60          4          0          0          0        786   dma.o
         0          0          0          0          0      19448   event_groups.o
        80         32         48          8          0       1849   freertos.o
       128          8          0          0          0        951   gpio.o
       472         24          0         32      15360       4863   heap_4.o
       138          0          0          0          0       3526   list.o
       210         14          0          0          0     714892   main.o
      1118        126          8          0        136       8855   modbus.o
       252         58          0          4          0       4421   modbus_driver.o
        76         22          0          0          0        543   modbus_task.o
       786         82          0         12          0      11489   port.o
      1616         20          0          0         64      19275   queue.o
        64         26        392          0       1536        836   startup_stm32f407xx.o
        80         14          0         12          0       8066   stm32f4xx_hal.o
       158         14          0          0          0      33022   stm32f4xx_hal_cortex.o
      1084         16          8          0          0       7334   stm32f4xx_hal_dma.o
       506         46          0          0          0       2188   stm32f4xx_hal_gpio.o
        56          4          0          0          0        866   stm32f4xx_hal_msp.o
      1412         86          0          0          0       5881   stm32f4xx_hal_rcc.o
       748         74          0          0          0       7500   stm32f4xx_hal_tim.o
         4          0          0          0          0       1629   stm32f4xx_hal_tim_ex.o
       140         22          0          0         72       1419   stm32f4xx_hal_timebase_tim.o
      2320         44          0          0          0      18765   stm32f4xx_hal_uart.o
       152         42          0          0          0       8122   stm32f4xx_it.o
         0          0          0          0          0        392   stream_buffer.o
        16          4         24          4          0       1127   system_stm32f4xx.o
      2688        220          0         60       1220      31347   tasks.o
      1102         80          0         20        280      31514   timers.o
       124         10          0          0          0       9476   uart_driver.o
       420         44          0          0        336       2589   usart.o

    ----------------------------------------------------------------------
     16372       1158        512        156      20724    1025274   Object Totals
         0          0         32          0          0          0   (incl. Generated)
        36          0          0          0          0          0   (incl. Padding)

    ----------------------------------------------------------------------

      Code (inc. data)   RO Data    RW Data    ZI Data      Debug   Library Member Name

         8          0          0          0          0         68   __main.o
       392          4         17          0          0         92   __printf_flags_ss_wp.o
        14          0          0          0          0         68   __printf_wp.o
         0          0          0          0          0          0   __rtentry.o
        12          0          0          0          0          0   __rtentry2.o
         6          0          0          0          0          0   __rtentry4.o
        52          8          0          0          0          0   __scatter.o
        26          0          0          0          0          0   __scatter_copy.o
        28          0          0          0          0          0   __scatter_zi.o
         6          0          0          0          0          0   _printf_a.o
         6          0          0          0          0          0   _printf_c.o
        44          0          0          0          0        108   _printf_char.o
        48          6          0          0          0         96   _printf_char_common.o
        40          0          0          0          0         68   _printf_charcount.o
         6          0          0          0          0          0   _printf_d.o
       120         16          0          0          0         92   _printf_dec.o
         6          0          0          0          0          0   _printf_e.o
         6          0          0          0          0          0   _printf_f.o
      1054          0          0          0          0        216   _printf_fp_dec.o
       764          8         38          0          0        100   _printf_fp_hex.o
       128         16          0          0          0         84   _printf_fp_infnan.o
         6          0          0          0          0          0   _printf_g.o
       148          4         40          0          0        160   _printf_hex_int_ll_ptr.o
         6          0          0          0          0          0   _printf_i.o
       178          0          0          0          0         88   _printf_intcommon.o
        10          0          0          0          0          0   _printf_l.o
         6          0          0          0          0          0   _printf_lc.o
        10          0          0          0          0          0   _printf_ll.o
         6          0          0          0          0          0   _printf_lld.o
         6          0          0          0          0          0   _printf_lli.o
         6          0          0          0          0          0   _printf_llo.o
         6          0          0          0          0          0   _printf_llu.o
         6          0          0          0          0          0   _printf_llx.o
       124         16          0          0          0         92   _printf_longlong_dec.o
         6          0          0          0          0          0   _printf_ls.o
         6          0          0          0          0          0   _printf_n.o
         6          0          0          0          0          0   _printf_o.o
       112         10          0          0          0        124   _printf_oct_int_ll.o
         6          0          0          0          0          0   _printf_p.o
        78          0          0          0          0        108   _printf_pad.o
         0          0          0          0          0          0   _printf_percent.o
         4          0          0          0          0          0   _printf_percent_end.o
         6          0          0          0          0          0   _printf_s.o
        82          0          0          0          0         80   _printf_str.o
        36          0          0          0          0         84   _printf_truncate.o
         6          0          0          0          0          0   _printf_u.o
        44          0          0          0          0        108   _printf_wchar.o
       188          6          8          0          0         92   _printf_wctomb.o
         6          0          0          0          0          0   _printf_x.o
        10          0          0          0          0         68   _sputc.o
        64          0          0          0          0         92   _wcrtomb.o
        16          0          0          0          0         68   aeabi_memset.o
       228          4        148          0          0         96   bigflt0.o
      1936        128          0          0          0        672   btod.o
        18          0          0          0          0         80   exit.o
         6          0          0          0          0        152   heapauxi.o
         0          0          0          0          0          0   indicate_semi.o
        44         10        272          0          0         76   lc_ctype_c.o
        44         10         28          0          0         76   lc_numeric_c.o
         2          0          0          0          0          0   libinit.o
        34          0          0          0          0          0   libinit2.o
         2          0          0          0          0          0   libshutdown.o
         2          0          0          0          0          0   libshutdown2.o
         8          4          0          0         96         68   libspace.o
       138          0          0          0          0         80   lludiv10.o
       238          0          0          0          0        100   lludivv7m.o
        16          4          0          0          0         76   rt_ctype_table.o
         8          4          0          0          0         68   rt_locale_intlibspace.o
        68          0          0          0          0         68   rt_memclr.o
        78          0          0          0          0         80   rt_memclr_w.o
       138          0          0          0          0         68   rt_memcpy_v6.o
       100          0          0          0          0         80   rt_memcpy_w.o
         2          0          0          0          0          0   rtexit.o
        10          0          0          0          0          0   rtexit2.o
       128          0          0          0          0         68   strcmpv7m.o
        62          0          0          0          0         76   strlen.o
        12          4          0          0          0         68   sys_exit.o
        74          0          0          0          0         80   sys_stackheap_outer.o
         2          0          0          0          0         68   use_no_semi.o
        36          4          0          0          0         76   vsprintf.o
        10          0          0          0          0        116   fpinit.o
         4          0          0          0          0        116   printf1.o
         4          0          0          0          0        116   printf2.o
         0          0          0          0          0          0   usenofp.o
        48          0          0          0          0        124   fpclassify.o

    ----------------------------------------------------------------------
      7476        266        552          0         96       4904   Library Totals
        16          0          1          0          0          0   (incl. Padding)

    ----------------------------------------------------------------------

      Code (inc. data)   RO Data    RW Data    ZI Data      Debug   Library Name

      7394        266        551          0         96       4432   c_w.l
        18          0          0          0          0        348   fz_wm.l
        48          0          0          0          0        124   m_wm.l

    ----------------------------------------------------------------------
      7476        266        552          0         96       4904   Library Totals

    ----------------------------------------------------------------------

==============================================================================


      Code (inc. data)   RO Data    RW Data    ZI Data      Debug   

     23848       1424       1064        156      20820    1010634   Grand Totals
     23848       1424       1064        156      20820    1010634   ELF Image Totals
     23848       1424       1064        156          0          0   ROM Totals

==============================================================================

    Total RO  Size (Code + RO Data)                24912 (  24.33kB)
    Total RW  Size (RW Data + ZI Data)             20976 (  20.48kB)
    Total ROM Size (Code + RO Data + RW Data)      25068 (  24.48kB)

==============================================================================

